Component: ARM Compiler 5.06 update 6 (build 750) Tool: armlink [4d35ed]

==============================================================================

Section Cross References

    startup_stm32f103xb.o(STACK) refers (Special) to heapauxi.o(.text) for __use_two_region_memory
    startup_stm32f103xb.o(HEAP) refers (Special) to heapauxi.o(.text) for __use_two_region_memory
    startup_stm32f103xb.o(RESET) refers (Special) to heapauxi.o(.text) for __use_two_region_memory
    startup_stm32f103xb.o(RESET) refers to startup_stm32f103xb.o(STACK) for __initial_sp
    startup_stm32f103xb.o(RESET) refers to startup_stm32f103xb.o(.text) for Reset_Handler
    startup_stm32f103xb.o(RESET) refers to stm32f1xx_it.o(i.NMI_Handler) for NMI_Handler
    startup_stm32f103xb.o(RESET) refers to stm32f1xx_it.o(i.HardFault_Handler) for HardFault_Handler
    startup_stm32f103xb.o(RESET) refers to stm32f1xx_it.o(i.MemManage_Handler) for MemManage_Handler
    startup_stm32f103xb.o(RESET) refers to stm32f1xx_it.o(i.BusFault_Handler) for BusFault_Handler
    startup_stm32f103xb.o(RESET) refers to stm32f1xx_it.o(i.UsageFault_Handler) for UsageFault_Handler
    startup_stm32f103xb.o(RESET) refers to stm32f1xx_it.o(i.SVC_Handler) for SVC_Handler
    startup_stm32f103xb.o(RESET) refers to stm32f1xx_it.o(i.DebugMon_Handler) for DebugMon_Handler
    startup_stm32f103xb.o(RESET) refers to stm32f1xx_it.o(i.PendSV_Handler) for PendSV_Handler
    startup_stm32f103xb.o(RESET) refers to stm32f1xx_it.o(i.SysTick_Handler) for SysTick_Handler
    startup_stm32f103xb.o(RESET) refers to stm32f1xx_it.o(i.DMA1_Channel4_IRQHandler) for DMA1_Channel4_IRQHandler
    startup_stm32f103xb.o(RESET) refers to stm32f1xx_it.o(i.DMA1_Channel5_IRQHandler) for DMA1_Channel5_IRQHandler
    startup_stm32f103xb.o(RESET) refers to stm32f1xx_it.o(i.USART1_IRQHandler) for USART1_IRQHandler
    startup_stm32f103xb.o(RESET) refers to stm32f1xx_it.o(i.USART2_IRQHandler) for USART2_IRQHandler
    startup_stm32f103xb.o(RESET) refers to stm32f1xx_it.o(i.EXTI15_10_IRQHandler) for EXTI15_10_IRQHandler
    startup_stm32f103xb.o(.text) refers (Special) to heapauxi.o(.text) for __use_two_region_memory
    startup_stm32f103xb.o(.text) refers to system_stm32f1xx.o(i.SystemInit) for SystemInit
    startup_stm32f103xb.o(.text) refers to __main.o(!!!main) for __main
    startup_stm32f103xb.o(.text) refers to startup_stm32f103xb.o(HEAP) for Heap_Mem
    startup_stm32f103xb.o(.text) refers to startup_stm32f103xb.o(STACK) for Stack_Mem
    main.o(i.SystemClock_Config) refers to rt_memclr_w.o(.text) for __aeabi_memclr4
    main.o(i.SystemClock_Config) refers to stm32f1xx_hal_rcc.o(i.HAL_RCC_OscConfig) for HAL_RCC_OscConfig
    main.o(i.SystemClock_Config) refers to stm32f1xx_hal_rcc.o(i.HAL_RCC_ClockConfig) for HAL_RCC_ClockConfig
    main.o(i.SystemClock_Config) refers to stm32f1xx_hal_rcc_ex.o(i.HAL_RCCEx_PeriphCLKConfig) for HAL_RCCEx_PeriphCLKConfig
    main.o(i.main) refers to _printf_percent.o(.ARM.Collect$$_printf_percent$$00000000) for _printf_percent
    main.o(i.main) refers to _printf_d.o(.ARM.Collect$$_printf_percent$$00000009) for _printf_d
    main.o(i.main) refers to _printf_dec.o(.text) for _printf_int_dec
    main.o(i.main) refers to stm32f1xx_hal.o(i.HAL_Init) for HAL_Init
    main.o(i.main) refers to main.o(i.SystemClock_Config) for SystemClock_Config
    main.o(i.main) refers to gpio.o(i.MX_GPIO_Init) for MX_GPIO_Init
    main.o(i.main) refers to dma.o(i.MX_DMA_Init) for MX_DMA_Init
    main.o(i.main) refers to adc.o(i.MX_ADC1_Init) for MX_ADC1_Init
    main.o(i.main) refers to usart.o(i.MX_USART1_UART_Init) for MX_USART1_UART_Init
    main.o(i.main) refers to usart.o(i.MX_USART2_UART_Init) for MX_USART2_UART_Init
    main.o(i.main) refers to adc.o(i.MX_ADC2_Init) for MX_ADC2_Init
    main.o(i.main) refers to stm32f1xx_hal_gpio.o(i.HAL_GPIO_WritePin) for HAL_GPIO_WritePin
    main.o(i.main) refers to oled.o(i.OLED_Init) for OLED_Init
    main.o(i.main) refers to oled.o(i.OLED_Clear) for OLED_Clear
    main.o(i.main) refers to gas_sensor.o(i.GasSensor_Init) for GasSensor_Init
    main.o(i.main) refers to control.o(i.Control_Init) for Control_Init
    main.o(i.main) refers to esp8266.o(i.ESP8266_Init) for ESP8266_Init
    main.o(i.main) refers to stm32f1xx_hal.o(i.HAL_Delay) for HAL_Delay
    main.o(i.main) refers to esp8266.o(i.ESP8266_ConnectWiFi) for ESP8266_ConnectWiFi
    main.o(i.main) refers to esp8266.o(i.ESP8266_ConnectCloud) for ESP8266_ConnectCloud
    main.o(i.main) refers to esp8266.o(i.ESP8266_Clear) for ESP8266_Clear
    main.o(i.main) refers to esp8266.o(i.ESP8266_MQTT_Subscribe) for ESP8266_MQTT_Subscribe
    main.o(i.main) refers to adc.o(i.ADC1_Read_Average) for ADC1_Read_Average
    main.o(i.main) refers to adc.o(i.ADC2_Read_Average) for ADC2_Read_Average
    main.o(i.main) refers to dht11.o(i.DHT11_READ_DATA) for DHT11_READ_DATA
    main.o(i.main) refers to __2snprintf.o(.text) for __2snprintf
[...]
    i.Control_Key3_IRQ                       0x08000c10   Section        0  control.o(i.Control_Key3_IRQ)
    i.Control_Key4_IRQ                       0x08000c1c   Section        0  control.o(i.Control_Key4_IRQ)
    i.Control_Process                        0x08000c28   Section        0  control.o(i.Control_Process)
    i.Control_SetMode                        0x08000d98   Section        0  control.o(i.Control_SetMode)
    i.Control_SetThreshold                   0x08000da4   Section        0  control.o(i.Control_SetThreshold)
    i.Control_ToggleRegion                   0x08000db4   Section        0  control.o(i.Control_ToggleRegion)
    i.DHT11_Check                            0x08000dc8   Section        0  dht11.o(i.DHT11_Check)
    i.DHT11_GPIO_MODE_SET                    0x08000de8   Section        0  dht11.o(i.DHT11_GPIO_MODE_SET)
    DHT11_GPIO_MODE_SET                      0x08000de9   Thumb Code    40  dht11.o(i.DHT11_GPIO_MODE_SET)
    i.DHT11_READ_BIT                         0x08000e14   Section        0  dht11.o(i.DHT11_READ_BIT)
    i.DHT11_READ_BYTE                        0x08000e5c   Section        0  dht11.o(i.DHT11_READ_BYTE)
    i.DHT11_READ_DATA                        0x08000e7c   Section        0  dht11.o(i.DHT11_READ_DATA)
    i.DHT11_START                            0x08000f0c   Section        0  dht11.o(i.DHT11_START)
    i.DMA1_Channel4_IRQHandler               0x08000f34   Section        0  stm32f1xx_it.o(i.DMA1_Channel4_IRQHandler)
    i.DMA1_Channel5_IRQHandler               0x08000f40   Section        0  stm32f1xx_it.o(i.DMA1_Channel5_IRQHandler)
    i.DMA_SetConfig                          0x08000f4c   Section        0  stm32f1xx_hal_dma.o(i.DMA_SetConfig)
    DMA_SetConfig                            0x08000f4d   Thumb Code    42  stm32f1xx_hal_dma.o(i.DMA_SetConfig)
    i.DebugMon_Handler                       0x08000f76   Section        0  stm32f1xx_it.o(i.DebugMon_Handler)
    i.Device_SetState                        0x08000f78   Section        0  control.o(i.Device_SetState)
    i.Device_Toggle                          0x08000fdc   Section        0  control.o(i.Device_Toggle)
    i.Display_DeviceControlPage              0x08000ff0   Section        0  control.o(i.Display_DeviceControlPage)
    i.Display_ThresholdSettingPage           0x0800109c   Section        0  control.o(i.Display_ThresholdSettingPage)
    i.ESP8266_Clear                          0x08001200   Section        0  esp8266.o(i.ESP8266_Clear)
    i.ESP8266_ConnectCloud                   0x0800121c   Section        0  esp8266.o(i.ESP8266_ConnectCloud)
    i.ESP8266_ConnectWiFi                    0x080014c0   Section        0  esp8266.o(i.ESP8266_ConnectWiFi)
    i.ESP8266_Init                           0x080015b0   Section        0  esp8266.o(i.ESP8266_Init)
    i.ESP8266_MQTT_Publish                   0x080017c0   Section        0  esp8266.o(i.ESP8266_MQTT_Publish)
    i.ESP8266_MQTT_Subscribe                 0x0800189c   Section        0  esp8266.o(i.ESP8266_MQTT_Subscribe)
    i.ESP8266_ProcessMessages                0x08001a30   Section        0  esp8266.o(i.ESP8266_ProcessMessages)
    i.ESP8266_SendCmd                        0x08001e74   Section        0  esp8266.o(i.ESP8266_SendCmd)
    i.EXTI15_10_IRQHandler                   0x08001f28   Section        0  stm32f1xx_it.o(i.EXTI15_10_IRQHandler)
    i.Error_Handler                          0x08001f4e   Section        0  main.o(i.Error_Handler)
    i.GasSensor_GetCO2                       0x08001f54   Section        0  gas_sensor.o(i.GasSensor_GetCO2)
    i.GasSensor_GetValidCount                0x08001f60   Section        0  gas_sensor.o(i.GasSensor_GetValidCount)
    i.GasSensor_Init                         0x08001f6c   Section        0  gas_sensor.o(i.GasSensor_Init)
    i.GasSensor_UpdateFromUART               0x08001f94   Section        0  gas_sensor.o(i.GasSensor_UpdateFromUART)
    i.HAL_ADC_ConfigChannel                  0x08001ffc   Section        0  stm32f1xx_hal_adc.o(i.HAL_ADC_ConfigChannel)
    i.HAL_ADC_GetValue                       0x080020f8   Section        0  stm32f1xx_hal_adc.o(i.HAL_ADC_GetValue)
    i.HAL_ADC_Init                           0x08002100   Section        0  stm32f1xx_hal_adc.o(i.HAL_ADC_Init)
    i.HAL_ADC_MspInit                        0x0800221c   Section        0  adc.o(i.HAL_ADC_MspInit)
    i.HAL_ADC_PollForConversion              0x080022a4   Section        0  stm32f1xx_hal_adc.o(i.HAL_ADC_PollForConversion)
    i.HAL_ADC_Start                          0x080023e0   Section        0  stm32f1xx_hal_adc.o(i.HAL_ADC_Start)
    i.HAL_ADC_Stop                           0x080024a0   Section        0  stm32f1xx_hal_adc.o(i.HAL_ADC_Stop)
    i.HAL_DMA_Abort                          0x080024d4   Section        0  stm32f1xx_hal_dma.o(i.HAL_DMA_Abort)
    i.HAL_DMA_Abort_IT                       0x0800251c   Section        0  stm32f1xx_hal_dma.o(i.HAL_DMA_Abort_IT)
    i.HAL_DMA_IRQHandler                     0x080025b4   Section        0  stm32f1xx_hal_dma.o(i.HAL_DMA_IRQHandler)
    i.HAL_DMA_Init                           0x08002708   Section        0  stm32f1xx_hal_dma.o(i.HAL_DMA_Init)
    i.HAL_DMA_Start_IT                       0x08002764   Section        0  stm32f1xx_hal_dma.o(i.HAL_DMA_Start_IT)
    i.HAL_Delay                              0x080027d4   Section        0  stm32f1xx_hal.o(i.HAL_Delay)
    i.HAL_GPIO_EXTI_Callback                 0x080027f8   Section        0  stm32f1xx_it.o(i.HAL_GPIO_EXTI_Callback)
    i.HAL_GPIO_EXTI_IRQHandler               0x08002824   Section        0  stm32f1xx_hal_gpio.o(i.HAL_GPIO_EXTI_IRQHandler)
    i.HAL_GPIO_Init                          0x0800283c   Section        0  stm32f1xx_hal_gpio.o(i.HAL_GPIO_Init)
    i.HAL_GPIO_ReadPin                       0x08002a1c   Section        0  stm32f1xx_hal_gpio.o(i.HAL_GPIO_ReadPin)
    i.HAL_GPIO_WritePin                      0x08002a26   Section        0  stm32f1xx_hal_gpio.o(i.HAL_GPIO_WritePin)
    i.HAL_GetTick                            0x08002a30   Section        0  stm32f1xx_hal.o(i.HAL_GetTick)
    i.HAL_IncTick                            0x08002a3c   Section        0  stm32f1xx_hal.o(i.HAL_IncTick)
    i.HAL_Init                               0x08002a4c   Section        0  stm32f1xx_hal.o(i.HAL_Init)
    i.HAL_InitTick                           0x08002a70   Section        0  stm32f1xx_hal.o(i.HAL_InitTick)
    i.HAL_MspInit                            0x08002ab0   Section        0  stm32f1xx_hal_msp.o(i.HAL_MspInit)
    i.HAL_NVIC_EnableIRQ                     0x08002aec   Section        0  stm32f1xx_hal_cortex.o(i.HAL_NVIC_EnableIRQ)
    i.HAL_NVIC_SetPriority                   0x08002b08   Section        0  stm32f1xx_hal_cortex.o(i.HAL_NVIC_SetPriority)
    i.HAL_NVIC_SetPriorityGrouping           0x08002b48   Section        0  stm32f1xx_hal_cortex.o(i.HAL_NVIC_SetPriorityGrouping)
    i.HAL_RCCEx_GetPeriphCLKFreq             0x08002b6c   Section        0  stm32f1xx_hal_rcc_ex.o(i.HAL_RCCEx_GetPeriphCLKFreq)
    i.HAL_RCCEx_PeriphCLKConfig              0x08002c10   Section        0  stm32f1xx_hal_rcc_ex.o(i.HAL_RCCEx_PeriphCLKConfig)
    i.HAL_RCC_ClockConfig                    0x08002cfc   Section        0  stm32f1xx_hal_rcc.o(i.HAL_RCC_ClockConfig)
    i.HAL_RCC_GetHCLKFreq                    0x08002e28   Section        0  stm32f1xx_hal_rcc.o(i.HAL_RCC_GetHCLKFreq)
    i.HAL_RCC_GetPCLK1Freq                   0x08002e34   Section        0  stm32f1xx_hal_rcc.o(i.HAL_RCC_GetPCLK1Freq)
    i.HAL_RCC_GetPCLK2Freq                   0x08002e54   Section        0  stm32f1xx_hal_rcc.o(i.HAL_RCC_GetPCLK2Freq)
    i.HAL_RCC_GetSysClockFreq                0x08002e74   Section        0  stm32f1xx_hal_rcc.o(i.HAL_RCC_GetSysClockFreq)
    i.HAL_RCC_OscConfig                      0x08002ec0   Section        0  stm32f1xx_hal_rcc.o(i.HAL_RCC_OscConfig)
    i.HAL_SYSTICK_Config                     0x080031e0   Section        0  stm32f1xx_hal_cortex.o(i.HAL_SYSTICK_Config)
    i.HAL_UARTEx_RxEventCallback             0x08003208   Section        0  stm32f1xx_hal_uart.o(i.HAL_UARTEx_RxEventCallback)
    i.HAL_UART_DMAStop                       0x0800320a   Section        0  stm32f1xx_hal_uart.o(i.HAL_UART_DMAStop)
    i.HAL_UART_ErrorCallback                 0x0800327a   Section        0  stm32f1xx_hal_uart.o(i.HAL_UART_ErrorCallback)
    i.HAL_UART_IRQHandler                    0x0800327c   Section        0  stm32f1xx_hal_uart.o(i.HAL_UART_IRQHandler)
    i.HAL_UART_Init                          0x080034e8   Section        0  stm32f1xx_hal_uart.o(i.HAL_UART_Init)
    i.HAL_UART_MspInit                       0x0800354c   Section        0  usart.o(i.HAL_UART_MspInit)
    i.HAL_UART_Receive_DMA                   0x0800367c   Section        0  stm32f1xx_hal_uart.o(i.HAL_UART_Receive_DMA)
    i.HAL_UART_RxCpltCallback                0x08003698   Section        0  stm32f1xx_it.o(i.HAL_UART_RxCpltCallback)
    i.HAL_UART_RxHalfCpltCallback            0x080036d0   Section        0  stm32f1xx_hal_uart.o(i.HAL_UART_RxHalfCpltCallback)
    i.HAL_UART_Transmit                      0x080036d2   Section        0  stm32f1xx_hal_uart.o(i.HAL_UART_Transmit)
    i.HAL_UART_TxCpltCallback                0x08003772   Section        0  stm32f1xx_hal_uart.o(i.HAL_UART_TxCpltCallback)
    i.HardFault_Handler                      0x08003774   Section        0  stm32f1xx_it.o(i.HardFault_Handler)
    i.I2C_Start                              0x08003778   Section        0  oled.o(i.I2C_Start)
    i.I2C_Stop                               0x080037bc   Section        0  oled.o(i.I2C_Stop)
    i.I2C_WaitAck                            0x080037f0   Section        0  oled.o(i.I2C_WaitAck)
    i.IIC_delay                              0x08003828   Section        0  oled.o(i.IIC_delay)
    i.MQTT_Publish_Data                      0x08003834   Section        0  mqtt_publisher.o(i.MQTT_Publish_Data)
    i.MX_ADC1_Init                           0x080038d4   Section        0  adc.o(i.MX_ADC1_Init)
    i.MX_ADC2_Init                           0x08003924   Section        0  adc.o(i.MX_ADC2_Init)
    i.MX_DMA_Init                            0x08003974   Section        0  dma.o(i.MX_DMA_Init)
    i.MX_GPIO_Init                           0x080039b0   Section        0  gpio.o(i.MX_GPIO_Init)
    i.MX_USART1_UART_Init                    0x08003ac0   Section        0  usart.o(i.MX_USART1_UART_Init)
    i.MX_USART2_UART_Init                    0x08003b00   Section        0  usart.o(i.MX_USART2_UART_Init)
    i.MemManage_Handler                      0x08003b40   Section        0  stm32f1xx_it.o(i.MemManage_Handler)
    i.NMI_Handler                            0x08003b42   Section        0  stm32f1xx_it.o(i.NMI_Handler)
    i.OLED_Clear                             0x08003b44   Section        0  oled.o(i.OLED_Clear)
    i.OLED_DrawPoint                         0x08003b70   Section        0  oled.o(i.OLED_DrawPoint)
    i.OLED_Init                              0x08003b9c   Section        0  oled.o(i.OLED_Init)
    i.OLED_Pow                               0x08003c76   Section        0  oled.o(i.OLED_Pow)
    i.OLED_Refresh                           0x08003c88   Section        0  oled.o(i.OLED_Refresh)
    i.OLED_ShowChar                          0x08003cf0   Section        0  oled.o(i.OLED_ShowChar)
    i.OLED_ShowNum                           0x08003dd4   Section        0  oled.o(i.OLED_ShowNum)
    i.OLED_ShowString                        0x08003e42   Section        0  oled.o(i.OLED_ShowString)
    i.OLED_WR_Byte                           0x08003e7e   Section        0  oled.o(i.OLED_WR_Byte)
    i.PendSV_Handler                         0x08003eb4   Section        0  stm32f1xx_it.o(i.PendSV_Handler)
    i.SVC_Handler                            0x08003eb6   Section        0  stm32f1xx_it.o(i.SVC_Handler)
    i.Send_Byte                              0x08003eb8   Section        0  oled.o(i.Send_Byte)
    i.SysTick_Handler                        0x08003f0c   Section        0  stm32f1xx_it.o(i.SysTick_Handler)
    i.SystemClock_Config                     0x08003f10   Section        0  main.o(i.SystemClock_Config)
    i.SystemInit                             0x08003f88   Section        0  system_stm32f1xx.o(i.SystemInit)
    i.UART_DMAAbortOnError                   0x08003f8a   Section        0  stm32f1xx_hal_uart.o(i.UART_DMAAbortOnError)
    UART_DMAAbortOnError                     0x08003f8b   Thumb Code    16  stm32f1xx_hal_uart.o(i.UART_DMAAbortOnError)
    i.UART_DMAError                          0x08003f9a   Section        0  stm32f1xx_hal_uart.o(i.UART_DMAError)
    UART_DMAError                            0x08003f9b   Thumb Code    74  stm32f1xx_hal_uart.o(i.UART_DMAError)
    i.UART_DMAReceiveCplt                    0x08003fe4   Section        0  stm32f1xx_hal_uart.o(i.UART_DMAReceiveCplt)
    UART_DMAReceiveCplt                      0x08003fe5   Thumb Code   134  stm32f1xx_hal_uart.o(i.UART_DMAReceiveCplt)
    i.UART_DMARxHalfCplt                     0x0800406a   Section        0  stm32f1xx_hal_uart.o(i.UART_DMARxHalfCplt)
    UART_DMARxHalfCplt                       0x0800406b   Thumb Code    30  stm32f1xx_hal_uart.o(i.UART_DMARxHalfCplt)
    i.UART_EndRxTransfer                     0x08004088   Section        0  stm32f1xx_hal_uart.o(i.UART_EndRxTransfer)
    UART_EndRxTransfer                       0x08004089   Thumb Code    78  stm32f1xx_hal_uart.o(i.UART_EndRxTransfer)
    i.UART_EndTxTransfer                     0x080040d6   Section        0  stm32f1xx_hal_uart.o(i.UART_EndTxTransfer)
    UART_EndTxTransfer                       0x080040d7   Thumb Code    28  stm32f1xx_hal_uart.o(i.UART_EndTxTransfer)
    i.UART_Receive_IT                        0x080040f2   Section        0  stm32f1xx_hal_uart.o(i.UART_Receive_IT)
    UART_Receive_IT                          0x080040f3   Thumb Code   194  stm32f1xx_hal_uart.o(i.UART_Receive_IT)
    i.UART_SetConfig                         0x080041b4   Section        0  stm32f1xx_hal_uart.o(i.UART_SetConfig)
    UART_SetConfig                           0x080041b5   Thumb Code   178  stm32f1xx_hal_uart.o(i.UART_SetConfig)
    i.UART_Start_Receive_DMA                 0x0800426c   Section        0  stm32f1xx_hal_uart.o(i.UART_Start_Receive_DMA)
    i.UART_WaitOnFlagUntilTimeout            0x080042fc   Section        0  stm32f1xx_hal_uart.o(i.UART_WaitOnFlagUntilTimeout)
    UART_WaitOnFlagUntilTimeout              0x080042fd   Thumb Code   114  stm32f1xx_hal_uart.o(i.UART_WaitOnFlagUntilTimeout)
    i.USART1_IRQHandler                      0x08004370   Section        0  stm32f1xx_it.o(i.USART1_IRQHandler)
    i.USART2_IRQHandler                      0x080043c8   Section        0  stm32f1xx_it.o(i.USART2_IRQHandler)
    i.UsageFault_Handler                     0x080043fc   Section        0  stm32f1xx_it.o(i.UsageFault_Handler)
    i.__NVIC_SetPriority                     0x080043fe   Section        0  stm32f1xx_hal_cortex.o(i.__NVIC_SetPriority)
    __NVIC_SetPriority                       0x080043ff   Thumb Code    32  stm32f1xx_hal_cortex.o(i.__NVIC_SetPriority)
    i._is_digit                              0x0800441e   Section        0  __printf_wp.o(i._is_digit)
    i.main                                   0x0800442c   Section        0  main.o(i.main)
    locale$$code                             0x08004a20   Section       44  lc_ctype_c.o(locale$$code)
    .constdata                               0x08004a4c   Section       18  stm32f1xx_hal_rcc.o(.constdata)
    aPredivFactorTable                       0x08004a4c   Data           2  stm32f1xx_hal_rcc.o(.constdata)
    aPLLMULFactorTable                       0x08004a4e   Data          16  stm32f1xx_hal_rcc.o(.constdata)
    .constdata                               0x08004a5e   Section       18  stm32f1xx_hal_rcc_ex.o(.constdata)
    aPredivFactorTable                       0x08004a5e   Data           2  stm32f1xx_hal_rcc_ex.o(.constdata)
    aPLLMULFactorTable                       0x08004a60   Data          16  stm32f1xx_hal_rcc_ex.o(.constdata)
    .constdata                               0x08004a70   Section       16  system_stm32f1xx.o(.constdata)
    .constdata                               0x08004a80   Section        8  system_stm32f1xx.o(.constdata)
    .constdata                               0x08004a88   Section     6632  oled.o(.constdata)
    .constdata                               0x08006470   Section       17  __printf_flags_ss_wp.o(.constdata)
    maptable                                 0x08006470   Data          17  __printf_flags_ss_wp.o(.constdata)
    .conststring                             0x08006484   Section      121  esp8266.o(.conststring)
    .conststring                             0x08006500   Section       70  control.o(.conststring)
    locale$$data                             0x08006568   Section      272  lc_ctype_c.o(locale$$data)
    __lcctype_c_name                         0x0800656c   Data           2  lc_ctype_c.o(locale$$data)
    __lcctype_c_start                        0x08006574   Data           0  lc_ctype_c.o(locale$$data)
    __lcctype_c_end                          0x08006678   Data           0  lc_ctype_c.o(locale$$data)
    .data                                    0x20000000   Section       17  main.o(.data)
    water_pump_started                       0x20000000   Data           1  main.o(.data)
    water_pump_start_tick                    0x20000004   Data           4  main.o(.data)
    last_mqtt_time                           0x20000008   Data           4  main.o(.data)
    .data                                    0x20000014   Section        8  stm32f1xx_it.o(.data)
    .data                                    0x2000001c   Section       12  stm32f1xx_hal.o(.data)
    .data                                    0x20000028   Section        4  system_stm32f1xx.o(.data)
    .data                                    0x2000002c   Section        4  esp8266.o(.data)
    .data                                    0x20000030   Section        4  mqtt_publisher.o(.data)
    .data                                    0x20000034   Section       16  gas_sensor.o(.data)
    .data                                    0x20000044   Section       60  control.o(.data)
    system_mode                              0x20000044   Data           1  control.o(.data)
    current_page                             0x20000045   Data           1  control.o(.data)
    selected_device                          0x20000046   Data           1  control.o(.data)
    selected_threshold                       0x20000047   Data           1  control.o(.data)
    current_region                           0x20000048   Data           1  control.o(.data)
    key1_pressed                             0x20000049   Data           1  control.o(.data)
    key2_pressed                             0x2000004a   Data           1  control.o(.data)
    key3_pressed                             0x2000004b   Data           1  control.o(.data)
    key4_pressed                             0x2000004c   Data           1  control.o(.data)
    device_state                             0x2000004d   Data           4  control.o(.data)
    thresholds                               0x20000052   Data          10  control.o(.data)
    device_names                             0x2000005c   Data          16  control.o(.data)
    threshold_names                          0x2000006c   Data          20  control.o(.data)
    .bss                                     0x20000080   Section       96  adc.o(.bss)
    .bss                                     0x200000e0   Section      280  usart.o(.bss)
    .bss                                     0x200001f8   Section     1152  oled.o(.bss)
    .bss                                     0x20000678   Section      512  esp8266.o(.bss)
    .bss                                     0x20000878   Section        9  gas_sensor.o(.bss)
    .bss                                     0x20000884   Section       96  libspace.o(.bss)
    HEAP                                     0x200008e8   Section      512  startup_stm32f103xb.o(HEAP)
    Heap_Mem                                 0x200008e8   Data         512  startup_stm32f103xb.o(HEAP)
    STACK                                    0x20000ae8   Section     1024  startup_stm32f103xb.o(STACK)
    Stack_Mem                                0x20000ae8   Data        1024  startup_stm32f103xb.o(STACK)
    __initial_sp                             0x20000ee8   Data           0  startup_stm32f103xb.o(STACK)

    Global Symbols

    Symbol Name                              Value     Ov Type        Size  Object(Section)

    BuildAttributes$$THM_ISAv4$P$D$K$B$S$PE$A:L22UL41UL21$X:L11$S22US41US21$IEEE1$IW$USESV6$~STKCKD$USESV7$~SHL$OTIME$ROPI$IEEEX$EBA8$UX$STANDARDLIB$REQ8$PRES8$EABIv2 0x00000000   Number         0  anon$$obj.o ABSOLUTE
    __ARM_use_no_argv                        0x00000000   Number         0  main.o ABSOLUTE
    _printf_flags                            0x00000000   Number         0  printf_stubs.o ABSOLUTE
    _printf_return_value                     0x00000000   Number         0  printf_stubs.o ABSOLUTE
    _printf_sizespec                         0x00000000   Number         0  printf_stubs.o ABSOLUTE
    _printf_widthprec                        0x00000000   Number         0  printf_stubs.o ABSOLUTE
    __ARM_exceptions_init                     - Undefined Weak Reference
    __alloca_initialize                       - Undefined Weak Reference
    __arm_preinit_                            - Undefined Weak Reference
    __cpp_initialize__aeabi_                  - Undefined Weak Reference
    __cxa_finalize                            - Undefined Weak Reference
    __sigvec_lookup                           - Undefined Weak Reference
    __user_heap_extent                        - Undefined Weak Reference
    _atexit_init                              - Undefined Weak Reference
    _call_atexit_fns                          - Undefined Weak Reference
    _clock_init                               - Undefined Weak Reference
    _fp_trap_init                             - Undefined Weak Reference
    _fp_trap_shutdown                         - Undefined Weak Reference
    _get_lc_collate                           - Undefined Weak Reference
    _get_lc_monetary                          - Undefined Weak Reference
    _get_lc_time                              - Undefined Weak Reference
    _getenv_init                              - Undefined Weak Reference
    _handle_redirection                       - Undefined Weak Reference
    _initio                                   - Undefined Weak Reference
    _mutex_acquire                            - Undefined Weak Reference
    _mutex_free                               - Undefined Weak Reference
    _mutex_release                            - Undefined Weak Reference
    _printf_mbtowc                            - Undefined Weak Reference
    _printf_truncate_signed                   - Undefined Weak Reference
    _printf_truncate_unsigned                 - Undefined Weak Reference
    _rand_init                                - Undefined Weak Reference
    _scanf_int                                - Undefined Weak Reference
    _scanf_longlong                           - Undefined Weak Reference
    _scanf_mbtowc                             - Undefined Weak Reference
    _scanf_string                             - Undefined Weak Reference
    _scanf_wctomb                             - Undefined Weak Reference
    _scanf_wstring                            - Undefined Weak Reference
    _signal_finish                            - Undefined Weak Reference
    _signal_init                              - Undefined Weak Reference
    _terminateio                              - Undefined Weak Reference
    __Vectors_Size                           0x000000ec   Number         0  startup_stm32f103xb.o ABSOLUTE
    __Vectors                                0x08000000   Data           4  startup_stm32f103xb.o(RESET)
    __Vectors_End                            0x080000ec   Data           0  startup_stm32f103xb.o(RESET)
    __main                                   0x080000ed   Thumb Code     8  __main.o(!!!main)
    __scatterload                            0x080000f5   Thumb Code     0  __scatter.o(!!!scatter)
    __scatterload_rt2                        0x080000f5   Thumb Code    44  __scatter.o(!!!scatter)
    __scatterload_rt2_thumb_only             0x080000f5   Thumb Code     0  __scatter.o(!!!scatter)
    __scatterload_null                       0x08000103   Thumb Code     0  __scatter.o(!!!scatter)
    __scatterload_copy                       0x08000129   Thumb Code    26  __scatter_copy.o(!!handler_copy)
    __scatterload_zeroinit                   0x08000145   Thumb Code    28  __scatter_zi.o(!!handler_zi)
    _printf_d                                0x08000161   Thumb Code     0  _printf_d.o(.ARM.Collect$$_printf_percent$$00000009)
    _printf_percent                          0x08000161   Thumb Code     0  _printf_percent.o(.ARM.Collect$$_printf_percent$$00000000)
    _printf_u                                0x08000167   Thumb Code     0  _printf_u.o(.ARM.Collect$$_printf_percent$$0000000A)
    _printf_s                                0x0800016d   Thumb Code     0  _printf_s.o(.ARM.Collect$$_printf_percent$$00000014)
    _printf_percent_end                      0x08000173   Thumb Code     0  _printf_percent_end.o(.ARM.Collect$$_printf_percent$$00000017)
    __rt_lib_init                            0x08000177   Thumb Code     0  libinit.o(.ARM.Collect$$libinit$$00000000)
    __rt_lib_init_fp_1                       0x08000179   Thumb Code     0  libinit2.o(.ARM.Collect$$libinit$$00000002)
    __rt_lib_init_heap_1                     0x08000179   Thumb Code     0  libinit2.o(.ARM.Collect$$libinit$$0000000A)
    __rt_lib_init_lc_common                  0x08000179   Thumb Code     0  libinit2.o(.ARM.Collect$$libinit$$0000000F)
    __rt_lib_init_preinit_1                  0x08000179   Thumb Code     0  libinit2.o(.ARM.Collect$$libinit$$00000004)
    __rt_lib_init_rand_1                     0x08000179   Thumb Code     0  libinit2.o(.ARM.Collect$$libinit$$0000000E)
    __rt_lib_init_user_alloc_1               0x08000179   Thumb Code     0  libinit2.o(.ARM.Collect$$libinit$$0000000C)
    __rt_lib_init_lc_collate_1               0x0800017f   Thumb Code     0  libinit2.o(.ARM.Collect$$libinit$$00000011)
    __rt_lib_init_lc_ctype_2                 0x0800017f   Thumb Code     0  libinit2.o(.ARM.Collect$$libinit$$00000012)
    __rt_lib_init_alloca_1                   0x0800018b   Thumb Code     0  libinit2.o(.ARM.Collect$$libinit$$0000002E)
    __rt_lib_init_argv_1                     0x0800018b   Thumb Code     0  libinit2.o(.ARM.Collect$$libinit$$0000002C)
    __rt_lib_init_atexit_1                   0x0800018b   Thumb Code     0  libinit2.o(.ARM.Collect$$libinit$$0000001B)
    __rt_lib_init_clock_1                    0x0800018b   Thumb Code     0  libinit2.o(.ARM.Collect$$libinit$$00000021)
    __rt_lib_init_cpp_1                      0x0800018b   Thumb Code     0  libinit2.o(.ARM.Collect$$libinit$$00000032)
    __rt_lib_init_exceptions_1               0x0800018b   Thumb Code     0  libinit2.o(.ARM.Collect$$libinit$$00000030)
    __rt_lib_init_fp_trap_1                  0x0800018b   Thumb Code     0  libinit2.o(.ARM.Collect$$libinit$$0000001F)
    __rt_lib_init_getenv_1                   0x0800018b   Thumb Code     0  libinit2.o(.ARM.Collect$$libinit$$00000023)
    __rt_lib_init_lc_ctype_1                 0x0800018b   Thumb Code     0  libinit2.o(.ARM.Collect$$libinit$$00000013)
    __rt_lib_init_lc_monetary_1              0x0800018b   Thumb Code     0  libinit2.o(.ARM.Collect$$libinit$$00000015)
    __rt_lib_init_lc_numeric_1               0x0800018b   Thumb Code     0  libinit2.o(.ARM.Collect$$libinit$$00000017)
    __rt_lib_init_lc_time_1                  0x0800018b   Thumb Code     0  libinit2.o(.ARM.Collect$$libinit$$00000019)
    __rt_lib_init_return                     0x0800018b   Thumb Code     0  libinit2.o(.ARM.Collect$$libinit$$00000033)
    __rt_lib_init_signal_1                   0x0800018b   Thumb Code     0  libinit2.o(.ARM.Collect$$libinit$$0000001D)
    __rt_lib_init_stdio_1                    0x0800018b   Thumb Code     0  libinit2.o(.ARM.Collect$$libinit$$00000025)
    __rt_lib_shutdown                        0x0800018d   Thumb Code     0  libshutdown.o(.ARM.Collect$$libshutdown$$00000000)
    __rt_lib_shutdown_cpp_1                  0x0800018f   Thumb Code     0  libshutdown2.o(.ARM.Collect$$libshutdown$$00000002)
    __rt_lib_shutdown_fp_trap_1              0x0800018f   Thumb Code     0  libshutdown2.o(.ARM.Collect$$libshutdown$$00000007)
    __rt_lib_shutdown_heap_1                 0x0800018f   Thumb Code     0  libshutdown2.o(.ARM.Collect$$libshutdown$$0000000F)
    __rt_lib_shutdown_return                 0x0800018f   Thumb Code     0  libshutdown2.o(.ARM.Collect$$libshutdown$$00000010)
    __rt_lib_shutdown_signal_1               0x0800018f   Thumb Code     0  libshutdown2.o(.ARM.Collect$$libshutdown$$0000000A)
    __rt_lib_shutdown_stdio_1                0x0800018f   Thumb Code     0  libshutdown2.o(.ARM.Collect$$libshutdown$$00000004)
    __rt_lib_shutdown_user_alloc_1           0x0800018f   Thumb Code     0  libshutdown2.o(.ARM.Collect$$libshutdown$$0000000C)
    __rt_entry                               0x08000191   Thumb Code     0  __rtentry.o(.ARM.Collect$$rtentry$$00000000)
    __rt_entry_presh_1                       0x08000191   Thumb Code     0  __rtentry2.o(.ARM.Collect$$rtentry$$00000002)
    __rt_entry_sh                            0x08000191   Thumb Code     0  __rtentry4.o(.ARM.Collect$$rtentry$$00000004)
    __rt_entry_li                            0x08000197   Thumb Code     0  __rtentry2.o(.ARM.Collect$$rtentry$$0000000A)
    __rt_entry_postsh_1                      0x08000197   Thumb Code     0  __rtentry2.o(.ARM.Collect$$rtentry$$00000009)
    __rt_entry_main                          0x0800019b   Thumb Code     0  __rtentry2.o(.ARM.Collect$$rtentry$$0000000D)
    __rt_entry_postli_1                      0x0800019b   Thumb Code     0  __rtentry2.o(.ARM.Collect$$rtentry$$0000000C)
    __rt_exit                                0x080001a3   Thumb Code     0  rtexit.o(.ARM.Collect$$rtexit$$00000000)
    __rt_exit_ls                             0x080001a5   Thumb Code     0  rtexit2.o(.ARM.Collect$$rtexit$$00000003)
    __rt_exit_prels_1                        0x080001a5   Thumb Code     0  rtexit2.o(.ARM.Collect$$rtexit$$00000002)
    __rt_exit_exit                           0x080001a9   Thumb Code     0  rtexit2.o(.ARM.Collect$$rtexit$$00000004)
    Reset_Handler                            0x080001b1   Thumb Code     8  startup_stm32f103xb.o(.text)
    ADC1_2_IRQHandler                        0x080001cb   Thumb Code     0  startup_stm32f103xb.o(.text)
    CAN1_RX1_IRQHandler                      0x080001cb   Thumb Code     0  startup_stm32f103xb.o(.text)
    CAN1_SCE_IRQHandler                      0x080001cb   Thumb Code     0  startup_stm32f103xb.o(.text)
    DMA1_Channel1_IRQHandler                 0x080001cb   Thumb Code     0  startup_stm32f103xb.o(.text)
    DMA1_Channel2_IRQHandler                 0x080001cb   Thumb Code     0  startup_stm32f103xb.o(.text)
    DMA1_Channel3_IRQHandler                 0x080001cb   Thumb Code     0  startup_stm32f103xb.o(.text)
    DMA1_Channel6_IRQHandler                 0x080001cb   Thumb Code     0  startup_stm32f103xb.o(.text)
    DMA1_Channel7_IRQHandler                 0x080001cb   Thumb Code     0  startup_stm32f103xb.o(.text)
    EXTI0_IRQHandler                         0x080001cb   Thumb Code     0  startup_stm32f103xb.o(.text)
    EXTI1_IRQHandler                         0x080001cb   Thumb Code     0  startup_stm32f103xb.o(.text)
    EXTI2_IRQHandler                         0x080001cb   Thumb Code     0  startup_stm32f103xb.o(.text)
    EXTI3_IRQHandler                         0x080001cb   Thumb Code     0  startup_stm32f103xb.o(.text)
    EXTI4_IRQHandler                         0x080001cb   Thumb Code     0  startup_stm32f103xb.o(.text)
    EXTI9_5_IRQHandler                       0x080001cb   Thumb Code     0  startup_stm32f103xb.o(.text)
    FLASH_IRQHandler                         0x080001cb   Thumb Code     0  startup_stm32f103xb.o(.text)
    I2C1_ER_IRQHandler                       0x080001cb   Thumb Code     0  startup_stm32f103xb.o(.text)
    I2C1_EV_IRQHandler                       0x080001cb   Thumb Code     0  startup_stm32f103xb.o(.text)
    I2C2_ER_IRQHandler                       0x080001cb   Thumb Code     0  startup_stm32f103xb.o(.text)
    I2C2_EV_IRQHandler                       0x080001cb   Thumb Code     0  startup_stm32f103xb.o(.text)
    PVD_IRQHandler                           0x080001cb   Thumb Code     0  startup_stm32f103xb.o(.text)
    RCC_IRQHandler                           0x080001cb   Thumb Code     0  startup_stm32f103xb.o(.text)
    RTC_Alarm_IRQHandler                     0x080001cb   Thumb Code     0  startup_stm32f103xb.o(.text)
    RTC_IRQHandler                           0x080001cb   Thumb Code     0  startup_stm32f103xb.o(.text)
    SPI1_IRQHandler                          0x080001cb   Thumb Code     0  startup_stm32f103xb.o(.text)
    SPI2_IRQHandler                          0x080001cb   Thumb Code     0  startup_stm32f103xb.o(.text)
    TAMPER_IRQHandler                        0x080001cb   Thumb Code     0  startup_stm32f103xb.o(.text)
    TIM1_BRK_IRQHandler                      0x080001cb   Thumb Code     0  startup_stm32f103xb.o(.text)
    TIM1_CC_IRQHandler                       0x080001cb   Thumb Code     0  startup_stm32f103xb.o(.text)
    TIM1_TRG_COM_IRQHandler                  0x080001cb   Thumb Code     0  startup_stm32f103xb.o(.text)
    TIM1_UP_IRQHandler                       0x080001cb   Thumb Code     0  startup_stm32f103xb.o(.text)
    TIM2_IRQHandler                          0x080001cb   Thumb Code     0  startup_stm32f103xb.o(.text)
    TIM3_IRQHandler                          0x080001cb   Thumb Code     0  startup_stm32f103xb.o(.text)
    TIM4_IRQHandler                          0x080001cb   Thumb Code     0  startup_stm32f103xb.o(.text)
    USART3_IRQHandler                        0x080001cb   Thumb Code     0  startup_stm32f103xb.o(.text)
    USBWakeUp_IRQHandler                     0x080001cb   Thumb Code     0  startup_stm32f103xb.o(.text)
    USB_HP_CAN1_TX_IRQHandler                0x080001cb   Thumb Code     0  startup_stm32f103xb.o(.text)
    USB_LP_CAN1_RX0_IRQHandler               0x080001cb   Thumb Code     0  startup_stm32f103xb.o(.text)
    WWDG_IRQHandler                          0x080001cb   Thumb Code     0  startup_stm32f103xb.o(.text)
    __user_initial_stackheap                 0x080001cd   Thumb Code     0  startup_stm32f103xb.o(.text)
    __2snprintf                              0x080001f1   Thumb Code    50  __2snprintf.o(.text)
    _printf_str                              0x08000229   Thumb Code    82  _printf_str.o(.text)
    _printf_int_dec                          0x0800027d   Thumb Code   104  _printf_dec.o(.text)
    __printf                                 0x080002f5   Thumb Code   388  __printf_flags_ss_wp.o(.text)
    atoi                                     0x0800047d   Thumb Code    26  atoi.o(.text)
    strchr                                   0x08000497   Thumb Code    20  strchr.o(.text)
    strstr                                   0x080004ab   Thumb Code    36  strstr.o(.text)
    strlen                                   0x080004cf   Thumb Code    62  strlen.o(.text)
    __aeabi_memcpy                           0x0800050d   Thumb Code     0  rt_memcpy_v6.o(.text)
    __rt_memcpy                              0x0800050d   Thumb Code   138  rt_memcpy_v6.o(.text)
    _memcpy_lastbytes                        0x08000573   Thumb Code     0  rt_memcpy_v6.o(.text)
    __aeabi_memcpy4                          0x08000597   Thumb Code     0  rt_memcpy_w.o(.text)
    __aeabi_memcpy8                          0x08000597   Thumb Code     0  rt_memcpy_w.o(.text)
    __rt_memcpy_w                            0x08000597   Thumb Code   100  rt_memcpy_w.o(.text)
    _memcpy_lastbytes_aligned                0x080005df   Thumb Code     0  rt_memcpy_w.o(.text)
    __aeabi_memclr                           0x080005fb   Thumb Code     0  rt_memclr.o(.text)
    __rt_memclr                              0x080005fb   Thumb Code    68  rt_memclr.o(.text)
    _memset                                  0x080005ff   Thumb Code     0  rt_memclr.o(.text)
    __aeabi_memclr4                          0x0800063f   Thumb Code     0  rt_memclr_w.o(.text)
    __aeabi_memclr8                          0x0800063f   Thumb Code     0  rt_memclr_w.o(.text)
    __rt_memclr_w                            0x0800063f   Thumb Code    78  rt_memclr_w.o(.text)
    _memset_w                                0x08000643   Thumb Code     0  rt_memclr_w.o(.text)
    strcmp                                   0x0800068d   Thumb Code   128  strcmpv7m.o(.text)
    __use_two_region_memory                  0x0800070d   Thumb Code     2  heapauxi.o(.text)
    __rt_heap_escrow                         0x0800070f   Thumb Code     2  heapauxi.o(.text)
    __rt_heap_expand                         0x08000711   Thumb Code     2  heapauxi.o(.text)
    __rt_ctype_table                         0x08000715   Thumb Code    16  rt_ctype_table.o(.text)
    __aeabi_errno_addr                       0x08000725   Thumb Code     8  rt_errno_addr_intlibspace.o(.text)
    __errno$intlibspace                      0x08000725   Thumb Code     0  rt_errno_addr_intlibspace.o(.text)
    __rt_errno_addr$intlibspace              0x08000725   Thumb Code     0  rt_errno_addr_intlibspace.o(.text)
    _printf_int_common                       0x0800072d   Thumb Code   178  _printf_intcommon.o(.text)
    _printf_char_common                      0x080007eb   Thumb Code    32  _printf_char_common.o(.text)
    _sputc                                   0x08000811   Thumb Code    10  _sputc.o(.text)
    _snputc                                  0x0800081b   Thumb Code    16  _snputc.o(.text)
    _printf_cs_common                        0x0800082b   Thumb Code    20  _printf_char.o(.text)
    _printf_char                             0x0800083f   Thumb Code    16  _printf_char.o(.text)
    _printf_string                           0x0800084f   Thumb Code     8  _printf_char.o(.text)
    strtol                                   0x08000857   Thumb Code   112  strtol.o(.text)
    __user_libspace                          0x080008c9   Thumb Code     8  libspace.o(.text)
    __user_perproc_libspace                  0x080008c9   Thumb Code     0  libspace.o(.text)
    __user_perthread_libspace                0x080008c9   Thumb Code     0  libspace.o(.text)
    __rt_locale                              0x080008d1   Thumb Code     8  rt_locale_intlibspace.o(.text)
    _strtoul                                 0x080008d9   Thumb Code   158  _strtoul.o(.text)
    __I$use$semihosting                      0x08000977   Thumb Code     0  use_no_semi.o(.text)
    __use_no_semihosting_swi                 0x08000977   Thumb Code     2  use_no_semi.o(.text)
    __semihosting_library_function           0x08000979   Thumb Code     0  indicate_semi.o(.text)
    __user_setup_stackheap                   0x08000979   Thumb Code    74  sys_stackheap_outer.o(.text)
    _chval                                   0x080009c3   Thumb Code    28  _chval.o(.text)
    exit                                     0x080009df   Thumb Code    18  exit.o(.text)
    _sys_exit                                0x080009f1   Thumb Code     8  sys_exit.o(.text)
    ADC1_Read                                0x080009fd   Thumb Code    38  adc.o(i.ADC1_Read)
    ADC1_Read_Average                        0x08000a29   Thumb Code    38  adc.o(i.ADC1_Read_Average)
    ADC2_Read                                0x08000a51   Thumb Code    38  adc.o(i.ADC2_Read)
    ADC2_Read_Average                        0x08000a7d   Thumb Code    38  adc.o(i.ADC2_Read_Average)
    ADC_ConversionStop_Disable               0x08000aa5   Thumb Code    86  stm32f1xx_hal_adc.o(i.ADC_ConversionStop_Disable)
    ADC_Enable                               0x08000afd   Thumb Code   114  stm32f1xx_hal_adc.o(i.ADC_Enable)
    BusFault_Handler                         0x08000b79   Thumb Code     2  stm32f1xx_it.o(i.BusFault_Handler)
    Coarse_delay_us                          0x08000b7d   Thumb Code    22  dht11.o(i.Coarse_delay_us)
    Control_GetMode                          0x08000b99   Thumb Code     6  control.o(i.Control_GetMode)
    Control_GetPage                          0x08000ba5   Thumb Code     6  control.o(i.Control_GetPage)
    Control_GetRegion                        0x08000bb1   Thumb Code     6  control.o(i.Control_GetRegion)
    Control_GetThreshold                     0x08000bbd   Thumb Code     8  control.o(i.Control_GetThreshold)
    Control_Init                             0x08000bc9   Thumb Code    44  control.o(i.Control_Init)
    Control_Key1_IRQ                         0x08000bf9   Thumb Code     8  control.o(i.Control_Key1_IRQ)
    Control_Key2_IRQ                         0x08000c05   Thumb Code     8  control.o(i.Control_Key2_IRQ)
    Control_Key3_IRQ                         0x08000c11   Thumb Code     8  control.o(i.Control_Key3_IRQ)
    Control_Key4_IRQ                         0x08000c1d   Thumb Code     8  control.o(i.Control_Key4_IRQ)
    Control_Process                          0x08000c29   Thumb Code   364  control.o(i.Control_Process)
    Control_SetMode                          0x08000d99   Thumb Code     6  control.o(i.Control_SetMode)
    Control_SetThreshold                     0x08000da5   Thumb Code    12  control.o(i.Control_SetThreshold)
    Control_ToggleRegion                     0x08000db5   Thumb Code    16  control.o(i.Control_ToggleRegion)
    DHT11_Check                              0x08000dc9   Thumb Code    26  dht11.o(i.DHT11_Check)
    DHT11_READ_BIT                           0x08000e15   Thumb Code    64  dht11.o(i.DHT11_READ_BIT)
    DHT11_READ_BYTE                          0x08000e5d   Thumb Code    32  dht11.o(i.DHT11_READ_BYTE)
    DHT11_READ_DATA                          0x08000e7d   Thumb Code   134  dht11.o(i.DHT11_READ_DATA)
    DHT11_START                              0x08000f0d   Thumb Code    34  dht11.o(i.DHT11_START)
    DMA1_Channel4_IRQHandler                 0x08000f35   Thumb Code     6  stm32f1xx_it.o(i.DMA1_Channel4_IRQHandler)
    DMA1_Channel5_IRQHandler                 0x08000f41   Thumb Code     6  stm32f1xx_it.o(i.DMA1_Channel5_IRQHandler)
    DebugMon_Handler                         0x08000f77   Thumb Code     2  stm32f1xx_it.o(i.DebugMon_Handler)
    Device_SetState                          0x08000f79   Thumb Code    86  control.o(i.Device_SetState)
    Device_Toggle                            0x08000fdd   Thumb Code    16  control.o(i.Device_Toggle)
    Display_DeviceControlPage                0x08000ff1   Thumb Code   134  control.o(i.Display_DeviceControlPage)
    Display_ThresholdSettingPage             0x0800109d   Thumb Code   312  control.o(i.Display_ThresholdSettingPage)
    ESP8266_Clear                            0x08001201   Thumb Code    20  esp8266.o(i.ESP8266_Clear)
    ESP8266_ConnectCloud                     0x0800121d   Thumb Code   418  esp8266.o(i.ESP8266_ConnectCloud)
    ESP8266_ConnectWiFi                      0x080014c1   Thumb Code   118  esp8266.o(i.ESP8266_ConnectWiFi)
    ESP8266_Init                             0x080015b1   Thumb Code   282  esp8266.o(i.ESP8266_Init)
    ESP8266_MQTT_Publish                     0x080017c1   Thumb Code   162  esp8266.o(i.ESP8266_MQTT_Publish)
    ESP8266_MQTT_Subscribe                   0x0800189d   Thumb Code   258  esp8266.o(i.ESP8266_MQTT_Subscribe)
    ESP8266_ProcessMessages                  0x08001a31   Thumb Code   666  esp8266.o(i.ESP8266_ProcessMessages)
    ESP8266_SendCmd                          0x08001e75   Thumb Code   168  esp8266.o(i.ESP8266_SendCmd)
    EXTI15_10_IRQHandler                     0x08001f29   Thumb Code    38  stm32f1xx_it.o(i.EXTI15_10_IRQHandler)
    Error_Handler                            0x08001f4f   Thumb Code     4  main.o(i.Error_Handler)
    GasSensor_GetCO2                         0x08001f55   Thumb Code     6  gas_sensor.o(i.GasSensor_GetCO2)
    GasSensor_GetValidCount                  0x08001f61   Thumb Code     6  gas_sensor.o(i.GasSensor_GetValidCount)
    GasSensor_Init                           0x08001f6d   Thumb Code    30  gas_sensor.o(i.GasSensor_Init)
    GasSensor_UpdateFromUART                 0x08001f95   Thumb Code    96  gas_sensor.o(i.GasSensor_UpdateFromUART)
    HAL_ADC_ConfigChannel                    0x08001ffd   Thumb Code   240  stm32f1xx_hal_adc.o(i.HAL_ADC_ConfigChannel)
    HAL_ADC_GetValue                         0x080020f9   Thumb Code     6  stm32f1xx_hal_adc.o(i.HAL_ADC_GetValue)
    HAL_ADC_Init                             0x08002101   Thumb Code   272  stm32f1xx_hal_adc.o(i.HAL_ADC_Init)
    HAL_ADC_MspInit                          0x0800221d   Thumb Code   118  adc.o(i.HAL_ADC_MspInit)
    HAL_ADC_PollForConversion                0x080022a5   Thumb Code   304  stm32f1xx_hal_adc.o(i.HAL_ADC_PollForConversion)
    HAL_ADC_Start                            0x080023e1   Thumb Code   184  stm32f1xx_hal_adc.o(i.HAL_ADC_Start)
    HAL_ADC_Stop                             0x080024a1   Thumb Code    52  stm32f1xx_hal_adc.o(i.HAL_ADC_Stop)
    HAL_DMA_Abort                            0x080024d5   Thumb Code    70  stm32f1xx_hal_dma.o(i.HAL_DMA_Abort)
    HAL_DMA_Abort_IT                         0x0800251d   Thumb Code   148  stm32f1xx_hal_dma.o(i.HAL_DMA_Abort_IT)
    HAL_DMA_IRQHandler                       0x080025b5   Thumb Code   316  stm32f1xx_hal_dma.o(i.HAL_DMA_IRQHandler)
    HAL_DMA_Init                             0x08002709   Thumb Code    84  stm32f1xx_hal_dma.o(i.HAL_DMA_Init)
    HAL_DMA_Start_IT                         0x08002765   Thumb Code   112  stm32f1xx_hal_dma.o(i.HAL_DMA_Start_IT)
    HAL_Delay                                0x080027d5   Thumb Code    32  stm32f1xx_hal.o(i.HAL_Delay)
    HAL_GPIO_EXTI_Callback                   0x080027f9   Thumb Code    42  stm32f1xx_it.o(i.HAL_GPIO_EXTI_Callback)
    HAL_GPIO_EXTI_IRQHandler                 0x08002825   Thumb Code    18  stm32f1xx_hal_gpio.o(i.HAL_GPIO_EXTI_IRQHandler)
    HAL_GPIO_Init                            0x0800283d   Thumb Code   446  stm32f1xx_hal_gpio.o(i.HAL_GPIO_Init)
    HAL_GPIO_ReadPin                         0x08002a1d   Thumb Code    10  stm32f1xx_hal_gpio.o(i.HAL_GPIO_ReadPin)
    HAL_GPIO_WritePin                        0x08002a27   Thumb Code    10  stm32f1xx_hal_gpio.o(i.HAL_GPIO_WritePin)
    HAL_GetTick                              0x08002a31   Thumb Code     6  stm32f1xx_hal.o(i.HAL_GetTick)
    HAL_IncTick                              0x08002a3d   Thumb Code    12  stm32f1xx_hal.o(i.HAL_IncTick)
    HAL_Init                                 0x08002a4d   Thumb Code    32  stm32f1xx_hal.o(i.HAL_Init)
    HAL_InitTick                             0x08002a71   Thumb Code    54  stm32f1xx_hal.o(i.HAL_InitTick)
    HAL_MspInit                              0x08002ab1   Thumb Code    52  stm32f1xx_hal_msp.o(i.HAL_MspInit)
    HAL_NVIC_EnableIRQ                       0x08002aed   Thumb Code    26  stm32f1xx_hal_cortex.o(i.HAL_NVIC_EnableIRQ)
    HAL_NVIC_SetPriority                     0x08002b09   Thumb Code    60  stm32f1xx_hal_cortex.o(i.HAL_NVIC_SetPriority)
    HAL_NVIC_SetPriorityGrouping             0x08002b49   Thumb Code    26  stm32f1xx_hal_cortex.o(i.HAL_NVIC_SetPriorityGrouping)
    HAL_RCCEx_GetPeriphCLKFreq               0x08002b6d   Thumb Code   148  stm32f1xx_hal_rcc_ex.o(i.HAL_RCCEx_GetPeriphCLKFreq)
    HAL_RCCEx_PeriphCLKConfig                0x08002c11   Thumb Code   224  stm32f1xx_hal_rcc_ex.o(i.HAL_RCCEx_PeriphCLKConfig)
    HAL_RCC_ClockConfig                      0x08002cfd   Thumb Code   280  stm32f1xx_hal_rcc.o(i.HAL_RCC_ClockConfig)
    HAL_RCC_GetHCLKFreq                      0x08002e29   Thumb Code     6  stm32f1xx_hal_rcc.o(i.HAL_RCC_GetHCLKFreq)
    HAL_RCC_GetPCLK1Freq                     0x08002e35   Thumb Code    20  stm32f1xx_hal_rcc.o(i.HAL_RCC_GetPCLK1Freq)
    HAL_RCC_GetPCLK2Freq                     0x08002e55   Thumb Code    20  stm32f1xx_hal_rcc.o(i.HAL_RCC_GetPCLK2Freq)
    HAL_RCC_GetSysClockFreq                  0x08002e75   Thumb Code    58  stm32f1xx_hal_rcc.o(i.HAL_RCC_GetSysClockFreq)
    HAL_RCC_OscConfig                        0x08002ec1   Thumb Code   778  stm32f1xx_hal_rcc.o(i.HAL_RCC_OscConfig)
    HAL_SYSTICK_Config                       0x080031e1   Thumb Code    40  stm32f1xx_hal_cortex.o(i.HAL_SYSTICK_Config)
    HAL_UARTEx_RxEventCallback               0x08003209   Thumb Code     2  stm32f1xx_hal_uart.o(i.HAL_UARTEx_RxEventCallback)
    HAL_UART_DMAStop                         0x0800320b   Thumb Code   112  stm32f1xx_hal_uart.o(i.HAL_UART_DMAStop)
    HAL_UART_ErrorCallback                   0x0800327b   Thumb Code     2  stm32f1xx_hal_uart.o(i.HAL_UART_ErrorCallback)
    HAL_UART_IRQHandler                      0x0800327d   Thumb Code   616  stm32f1xx_hal_uart.o(i.HAL_UART_IRQHandler)
    HAL_UART_Init                            0x080034e9   Thumb Code   100  stm32f1xx_hal_uart.o(i.HAL_UART_Init)
    HAL_UART_MspInit                         0x0800354d   Thumb Code   280  usart.o(i.HAL_UART_MspInit)
    HAL_UART_Receive_DMA                     0x0800367d   Thumb Code    28  stm32f1xx_hal_uart.o(i.HAL_UART_Receive_DMA)
    HAL_UART_RxCpltCallback                  0x08003699   Thumb Code    44  stm32f1xx_it.o(i.HAL_UART_RxCpltCallback)
    HAL_UART_RxHalfCpltCallback              0x080036d1   Thumb Code     2  stm32f1xx_hal_uart.o(i.HAL_UART_RxHalfCpltCallback)
    HAL_UART_Transmit                        0x080036d3   Thumb Code   160  stm32f1xx_hal_uart.o(i.HAL_UART_Transmit)
    HAL_UART_TxCpltCallback                  0x08003773   Thumb Code     2  stm32f1xx_hal_uart.o(i.HAL_UART_TxCpltCallback)
    HardFault_Handler                        0x08003775   Thumb Code     2  stm32f1xx_it.o(i.HardFault_Handler)
    I2C_Start                                0x08003779   Thumb Code    64  oled.o(i.I2C_Start)
    I2C_Stop                                 0x080037bd   Thumb Code    46  oled.o(i.I2C_Stop)
    I2C_WaitAck                              0x080037f1   Thumb Code    52  oled.o(i.I2C_WaitAck)
    IIC_delay                                0x08003829   Thumb Code    10  oled.o(i.IIC_delay)
    MQTT_Publish_Data                        0x08003835   Thumb Code    56  mqtt_publisher.o(i.MQTT_Publish_Data)
    MX_ADC1_Init                             0x080038d5   Thumb Code    70  adc.o(i.MX_ADC1_Init)
    MX_ADC2_Init                             0x08003925   Thumb Code    70  adc.o(i.MX_ADC2_Init)
    MX_DMA_Init                              0x08003975   Thumb Code    56  dma.o(i.MX_DMA_Init)
    MX_GPIO_Init                             0x080039b1   Thumb Code   250  gpio.o(i.MX_GPIO_Init)
    MX_USART1_UART_Init                      0x08003ac1   Thumb Code    54  usart.o(i.MX_USART1_UART_Init)
    MX_USART2_UART_Init                      0x08003b01   Thumb Code    54  usart.o(i.MX_USART2_UART_Init)
    MemManage_Handler                        0x08003b41   Thumb Code     2  stm32f1xx_it.o(i.MemManage_Handler)
    NMI_Handler                              0x08003b43   Thumb Code     2  stm32f1xx_it.o(i.NMI_Handler)
    OLED_Clear                               0x08003b45   Thumb Code    40  oled.o(i.OLED_Clear)
    OLED_DrawPoint                           0x08003b71   Thumb Code    40  oled.o(i.OLED_DrawPoint)
    OLED_Init                                0x08003b9d   Thumb Code   218  oled.o(i.OLED_Init)
    OLED_Pow                                 0x08003c77   Thumb Code    16  oled.o(i.OLED_Pow)
    OLED_Refresh                             0x08003c89   Thumb Code   100  oled.o(i.OLED_Refresh)
    OLED_ShowChar                            0x08003cf1   Thumb Code   212  oled.o(i.OLED_ShowChar)
    OLED_ShowNum                             0x08003dd5   Thumb Code   110  oled.o(i.OLED_ShowNum)
    OLED_ShowString                          0x08003e43   Thumb Code    60  oled.o(i.OLED_ShowString)
    OLED_WR_Byte                             0x08003e7f   Thumb Code    54  oled.o(i.OLED_WR_Byte)
    PendSV_Handler                           0x08003eb5   Thumb Code     2  stm32f1xx_it.o(i.PendSV_Handler)
    SVC_Handler                              0x08003eb7   Thumb Code     2  stm32f1xx_it.o(i.SVC_Handler)
    Send_Byte                                0x08003eb9   Thumb Code    78  oled.o(i.Send_Byte)
    SysTick_Handler                          0x08003f0d   Thumb Code     4  stm32f1xx_it.o(i.SysTick_Handler)
    SystemClock_Config                       0x08003f11   Thumb Code   120  main.o(i.SystemClock_Config)
    SystemInit                               0x08003f89   Thumb Code     2  system_stm32f1xx.o(i.SystemInit)
    UART_Start_Receive_DMA                   0x0800426d   Thumb Code   130  stm32f1xx_hal_uart.o(i.UART_Start_Receive_DMA)
    USART1_IRQHandler                        0x08004371   Thumb Code    76  stm32f1xx_it.o(i.USART1_IRQHandler)
    USART2_IRQHandler                        0x080043c9   Thumb Code    44  stm32f1xx_it.o(i.USART2_IRQHandler)
    UsageFault_Handler                       0x080043fd   Thumb Code     2  stm32f1xx_it.o(i.UsageFault_Handler)
    _is_digit                                0x0800441f   Thumb Code    14  __printf_wp.o(i._is_digit)
    main                                     0x0800442d   Thumb Code  1478  main.o(i.main)
    _get_lc_ctype                            0x08004a21   Thumb Code    44  lc_ctype_c.o(locale$$code)
    AHBPrescTable                            0x08004a70   Data          16  system_stm32f1xx.o(.constdata)
    APBPrescTable                            0x08004a80   Data           8  system_stm32f1xx.o(.constdata)
    asc2_0806                                0x08004a88   Data         552  oled.o(.constdata)
    asc2_1206                                0x08004cb0   Data        1140  oled.o(.constdata)
    asc2_1608                                0x08005124   Data        1520  oled.o(.constdata)
    asc2_2412                                0x08005714   Data        3420  oled.o(.constdata)
    Region$$Table$$Base                      0x08006548   Number         0  anon$$obj.o(Region$$Table)
    Region$$Table$$Limit                     0x08006568   Number         0  anon$$obj.o(Region$$Table)
    __ctype                                  0x08006575   Data           0  lc_ctype_c.o(locale$$data)
    dht11_data                               0x2000000c   Data           5  main.o(.data)
    usart2_irq_count                         0x20000014   Data           4  stm32f1xx_it.o(.data)
    usart2_rx_count                          0x20000018   Data           4  stm32f1xx_it.o(.data)
    uwTickFreq                               0x2000001c   Data           1  stm32f1xx_hal.o(.data)
    uwTickPrio                               0x20000020   Data           4  stm32f1xx_hal.o(.data)
    uwTick                                   0x20000024   Data           4  stm32f1xx_hal.o(.data)
    SystemCoreClock                          0x20000028   Data           4  system_stm32f1xx.o(.data)
    esp8266_cnt                              0x2000002c   Data           2  esp8266.o(.data)
    esp8266_cntPre                           0x2000002e   Data           2  esp8266.o(.data)
    msg_id                                   0x20000030   Data           4  mqtt_publisher.o(.data)
    rx_index                                 0x20000034   Data           1  gas_sensor.o(.data)
    co2_value                                0x20000036   Data           2  gas_sensor.o(.data)
    tvoc_value                               0x20000038   Data           2  gas_sensor.o(.data)
    formaldehyde_value                       0x2000003a   Data           2  gas_sensor.o(.data)
    rx_count                                 0x2000003c   Data           4  gas_sensor.o(.data)
    valid_count                              0x20000040   Data           4  gas_sensor.o(.data)
    hadc1                                    0x20000080   Data          48  adc.o(.bss)
    hadc2                                    0x200000b0   Data          48  adc.o(.bss)
    huart1                                   0x200000e0   Data          72  usart.o(.bss)
    huart2                                   0x20000128   Data          72  usart.o(.bss)
    hdma_usart1_rx                           0x20000170   Data          68  usart.o(.bss)
    hdma_usart1_tx                           0x200001b4   Data          68  usart.o(.bss)
    OLED_GRAM                                0x200001f8   Data        1152  oled.o(.bss)
    esp8266_buf                              0x20000678   Data         512  esp8266.o(.bss)
    rx_buffer                                0x20000878   Data           9  gas_sensor.o(.bss)
    __libspace_start                         0x20000884   Data          96  libspace.o(.bss)
    __temporary_stack_top$libspace           0x200008e4   Data           0  libspace.o(.bss)



==============================================================================

Memory Map of the image

  Image Entry point : 0x080000ed

  Load Region LR_IROM1 (Base: 0x08000000, Size: 0x000066f8, Max: 0x00010000, ABSOLUTE)

    Execution Region ER_IROM1 (Exec base: 0x08000000, Load base: 0x08000000, Size: 0x00006678, Max: 0x00010000, ABSOLUTE)

    Exec Addr    Load Addr    Size         Type   Attr      Idx    E Section Name        Object

    0x08000000   0x08000000   0x000000ec   Data   RO            3    RESET               startup_stm32f103xb.o
    0x080000ec   0x080000ec   0x00000008   Code   RO         3582  * !!!main             c_w.l(__main.o)
    0x080000f4   0x080000f4   0x00000034   Code   RO         3981    !!!scatter          c_w.l(__scatter.o)
    0x08000128   0x08000128   0x0000001a   Code   RO         3983    !!handler_copy      c_w.l(__scatter_copy.o)
    0x08000142   0x08000142   0x00000002   PAD
    0x08000144   0x08000144   0x0000001c   Code   RO         3985    !!handler_zi        c_w.l(__scatter_zi.o)
    0x08000160   0x08000160   0x00000000   Code   RO         3555    .ARM.Collect$$_printf_percent$$00000000  c_w.l(_printf_percent.o)
    0x08000160   0x08000160   0x00000006   Code   RO         3552    .ARM.Collect$$_printf_percent$$00000009  c_w.l(_printf_d.o)
    0x08000166   0x08000166   0x00000006   Code   RO         3553    .ARM.Collect$$_printf_percent$$0000000A  c_w.l(_printf_u.o)
    0x0800016c   0x0800016c   0x00000006   Code   RO         3549    .ARM.Collect$$_printf_percent$$00000014  c_w.l(_printf_s.o)
    0x08000172   0x08000172   0x00000004   Code   RO         3665    .ARM.Collect$$_printf_percent$$00000017  c_w.l(_printf_percent_end.o)
    0x08000176   0x08000176   0x00000002   Code   RO         3875    .ARM.Collect$$libinit$$00000000  c_w.l(libinit.o)
    0x08000178   0x08000178   0x00000000   Code   RO         3679    .ARM.Collect$$libinit$$00000002  c_w.l(libinit2.o)
    0x08000178   0x08000178   0x00000000   Code   RO         3681    .ARM.Collect$$libinit$$00000004  c_w.l(libinit2.o)
    0x08000178   0x08000178   0x00000000   Code   RO         3684    .ARM.Collect$$libinit$$0000000A  c_w.l(libinit2.o)
    0x08000178   0x08000178   0x00000000   Code   RO         3686    .ARM.Collect$$libinit$$0000000C  c_w.l(libinit2.o)
    0x08000178   0x08000178   0x00000000   Code   RO         3688    .ARM.Collect$$libinit$$0000000E  c_w.l(libinit2.o)
    0x08000178   0x08000178   0x00000006   Code   RO         3689    .ARM.Collect$$libinit$$0000000F  c_w.l(libinit2.o)
    0x0800017e   0x0800017e   0x00000000   Code   RO         3691    .ARM.Collect$$libinit$$00000011  c_w.l(libinit2.o)
    0x0800017e   0x0800017e   0x0000000c   Code   RO         3692    .ARM.Collect$$libinit$$00000012  c_w.l(libinit2.o)
    0x0800018a   0x0800018a   0x00000000   Code   RO         3693    .ARM.Collect$$libinit$$00000013  c_w.l(libinit2.o)
    0x0800018a   0x0800018a   0x00000000   Code   RO         3695    .ARM.Collect$$libinit$$00000015  c_w.l(libinit2.o)
    0x0800018a   0x0800018a   0x00000000   Code   RO         3697    .ARM.Collect$$libinit$$00000017  c_w.l(libinit2.o)
    0x0800018a   0x0800018a   0x00000000   Code   RO         3699    .ARM.Collect$$libinit$$00000019  c_w.l(libinit2.o)
    0x0800018a   0x0800018a   0x00000000   Code   RO         3701    .ARM.Collect$$libinit$$0000001B  c_w.l(libinit2.o)
    0x0800018a   0x0800018a   0x00000000   Code   RO         3703    .ARM.Collect$$libinit$$0000001D  c_w.l(libinit2.o)
    0x0800018a   0x0800018a   0x00000000   Code   RO         3705    .ARM.Collect$$libinit$$0000001F  c_w.l(libinit2.o)
    0x0800018a   0x0800018a   0x00000000   Code   RO         3707    .ARM.Collect$$libinit$$00000021  c_w.l(libinit2.o)
    0x0800018a   0x0800018a   0x00000000   Code   RO         3709    .ARM.Collect$$libinit$$00000023  c_w.l(libinit2.o)
    0x0800018a   0x0800018a   0x00000000   Code   RO         3711    .ARM.Collect$$libinit$$00000025  c_w.l(libinit2.o)
    0x0800018a   0x0800018a   0x00000000   Code   RO         3715    .ARM.Collect$$libinit$$0000002C  c_w.l(libinit2.o)
    0x0800018a   0x0800018a   0x00000000   Code   RO         3717    .ARM.Collect$$libinit$$0000002E  c_w.l(libinit2.o)
    0x0800018a   0x0800018a   0x00000000   Code   RO         3719    .ARM.Collect$$libinit$$00000030  c_w.l(libinit2.o)
    0x0800018a   0x0800018a   0x00000000   Code   RO         3721    .ARM.Collect$$libinit$$00000032  c_w.l(libinit2.o)
    0x0800018a   0x0800018a   0x00000002   Code   RO         3722    .ARM.Collect$$libinit$$00000033  c_w.l(libinit2.o)
    0x0800018c   0x0800018c   0x00000002   Code   RO         3972    .ARM.Collect$$libshutdown$$00000000  c_w.l(libshutdown.o)
    0x0800018e   0x0800018e   0x00000000   Code   RO         3899    .ARM.Collect$$libshutdown$$00000002  c_w.l(libshutdown2.o)
    0x0800018e   0x0800018e   0x00000000   Code   RO         3901    .ARM.Collect$$libshutdown$$00000004  c_w.l(libshutdown2.o)
    0x0800018e   0x0800018e   0x00000000   Code   RO         3904    .ARM.Collect$$libshutdown$$00000007  c_w.l(libshutdown2.o)
    0x0800018e   0x0800018e   0x00000000   Code   RO         3907    .ARM.Collect$$libshutdown$$0000000A  c_w.l(libshutdown2.o)
    0x0800018e   0x0800018e   0x00000000   Code   RO         3909    .ARM.Collect$$libshutdown$$0000000C  c_w.l(libshutdown2.o)
    0x0800018e   0x0800018e   0x00000000   Code   RO         3912    .ARM.Collect$$libshutdown$$0000000F  c_w.l(libshutdown2.o)
    0x0800018e   0x0800018e   0x00000002   Code   RO         3913    .ARM.Collect$$libshutdown$$00000010  c_w.l(libshutdown2.o)
    0x08000190   0x08000190   0x00000000   Code   RO         3620    .ARM.Collect$$rtentry$$00000000  c_w.l(__rtentry.o)
    0x08000190   0x08000190   0x00000000   Code   RO         3740    .ARM.Collect$$rtentry$$00000002  c_w.l(__rtentry2.o)
    0x08000190   0x08000190   0x00000006   Code   RO         3752    .ARM.Collect$$rtentry$$00000004  c_w.l(__rtentry4.o)
    0x08000196   0x08000196   0x00000000   Code   RO         3742    .ARM.Collect$$rtentry$$00000009  c_w.l(__rtentry2.o)
    0x08000196   0x08000196   0x00000004   Code   RO         3743    .ARM.Collect$$rtentry$$0000000A  c_w.l(__rtentry2.o)
    0x0800019a   0x0800019a   0x00000000   Code   RO         3745    .ARM.Collect$$rtentry$$0000000C  c_w.l(__rtentry2.o)
    0x0800019a   0x0800019a   0x00000008   Code   RO         3746    .ARM.Collect$$rtentry$$0000000D  c_w.l(__rtentry2.o)
    0x080001a2   0x080001a2   0x00000002   Code   RO         3886    .ARM.Collect$$rtexit$$00000000  c_w.l(rtexit.o)
    0x080001a4   0x080001a4   0x00000000   Code   RO         3931    .ARM.Collect$$rtexit$$00000002  c_w.l(rtexit2.o)
    0x080001a4   0x080001a4   0x00000004   Code   RO         3932    .ARM.Collect$$rtexit$$00000003  c_w.l(rtexit2.o)
    0x080001a8   0x080001a8   0x00000006   Code   RO         3933    .ARM.Collect$$rtexit$$00000004  c_w.l(rtexit2.o)
    0x080001ae   0x080001ae   0x00000002   PAD
    0x080001b0   0x080001b0   0x00000040   Code   RO            4    .text               startup_stm32f103xb.o
    0x080001f0   0x080001f0   0x00000038   Code   RO         3494    .text               c_w.l(__2snprintf.o)
    0x08000228   0x08000228   0x00000052   Code   RO         3504    .text               c_w.l(_printf_str.o)
    0x0800027a   0x0800027a   0x00000002   PAD
    0x0800027c   0x0800027c   0x00000078   Code   RO         3506    .text               c_w.l(_printf_dec.o)
    0x080002f4   0x080002f4   0x00000188   Code   RO         3546    .text               c_w.l(__printf_flags_ss_wp.o)
    0x0800047c   0x0800047c   0x0000001a   Code   RO         3558    .text               c_w.l(atoi.o)
    0x08000496   0x08000496   0x00000014   Code   RO         3560    .text               c_w.l(strchr.o)
    0x080004aa   0x080004aa   0x00000024   Code   RO         3562    .text               c_w.l(strstr.o)
    0x080004ce   0x080004ce   0x0000003e   Code   RO         3566    .text               c_w.l(strlen.o)
    0x0800050c   0x0800050c   0x0000008a   Code   RO         3570    .text               c_w.l(rt_memcpy_v6.o)
    0x08000596   0x08000596   0x00000064   Code   RO         3572    .text               c_w.l(rt_memcpy_w.o)
    0x080005fa   0x080005fa   0x00000044   Code   RO         3574    .text               c_w.l(rt_memclr.o)
    0x0800063e   0x0800063e   0x0000004e   Code   RO         3576    .text               c_w.l(rt_memclr_w.o)
    0x0800068c   0x0800068c   0x00000080   Code   RO         3578    .text               c_w.l(strcmpv7m.o)
    0x0800070c   0x0800070c   0x00000006   Code   RO         3580    .text               c_w.l(heapauxi.o)
    0x08000712   0x08000712   0x00000002   PAD
    0x08000714   0x08000714   0x00000010   Code   RO         3621    .text               c_w.l(rt_ctype_table.o)
    0x08000724   0x08000724   0x00000008   Code   RO         3631    .text               c_w.l(rt_errno_addr_intlibspace.o)
    0x0800072c   0x0800072c   0x000000b2   Code   RO         3653    .text               c_w.l(_printf_intcommon.o)
    0x080007de   0x080007de   0x00000002   PAD
    0x080007e0   0x080007e0   0x00000030   Code   RO         3657    .text               c_w.l(_printf_char_common.o)
    0x08000810   0x08000810   0x0000000a   Code   RO         3659    .text               c_w.l(_sputc.o)
    0x0800081a   0x0800081a   0x00000010   Code   RO         3661    .text               c_w.l(_snputc.o)
    0x0800082a   0x0800082a   0x0000002c   Code   RO         3663    .text               c_w.l(_printf_char.o)
    0x08000856   0x08000856   0x00000070   Code   RO         3674    .text               c_w.l(strtol.o)
    0x080008c6   0x080008c6   0x00000002   PAD
    0x080008c8   0x080008c8   0x00000008   Code   RO         3736    .text               c_w.l(libspace.o)
    0x080008d0   0x080008d0   0x00000008   Code   RO         3757    .text               c_w.l(rt_locale_intlibspace.o)
    0x080008d8   0x080008d8   0x0000009e   Code   RO         3777    .text               c_w.l(_strtoul.o)
    0x08000976   0x08000976   0x00000002   Code   RO         3843    .text               c_w.l(use_no_semi.o)
    0x08000978   0x08000978   0x00000000   Code   RO         3845    .text               c_w.l(indicate_semi.o)
    0x08000978   0x08000978   0x0000004a   Code   RO         3846    .text               c_w.l(sys_stackheap_outer.o)
    0x080009c2   0x080009c2   0x0000001c   Code   RO         3854    .text               c_w.l(_chval.o)
    0x080009de   0x080009de   0x00000012   Code   RO         3860    .text               c_w.l(exit.o)
    0x080009f0   0x080009f0   0x0000000c   Code   RO         3884    .text               c_w.l(sys_exit.o)
    0x080009fc   0x080009fc   0x0000002c   Code   RO          208    i.ADC1_Read         adc.o
    0x08000a28   0x08000a28   0x00000026   Code   RO          209    i.ADC1_Read_Average  adc.o
    0x08000a4e   0x08000a4e   0x00000002   PAD
    0x08000a50   0x08000a50   0x0000002c   Code   RO          210    i.ADC2_Read         adc.o
    0x08000a7c   0x08000a7c   0x00000026   Code   RO          211    i.ADC2_Read_Average  adc.o
    0x08000aa2   0x08000aa2   0x00000002   PAD
    0x08000aa4   0x08000aa4   0x00000056   Code   RO          533    i.ADC_ConversionStop_Disable  stm32f1xx_hal_adc.o
    0x08000afa   0x08000afa   0x00000002   PAD
    0x08000afc   0x08000afc   0x0000007c   Code   RO          537    i.ADC_Enable        stm32f1xx_hal_adc.o
    0x08000b78   0x08000b78   0x00000002   Code   RO          352    i.BusFault_Handler  stm32f1xx_it.o
    0x08000b7a   0x08000b7a   0x00000002   PAD
    0x08000b7c   0x08000b7c   0x0000001c   Code   RO         2342    i.Coarse_delay_us   dht11.o
    0x08000b98   0x08000b98   0x0000000c   Code   RO         3293    i.Control_GetMode   control.o
    0x08000ba4   0x08000ba4   0x0000000c   Code   RO         3294    i.Control_GetPage   control.o
    0x08000bb0   0x08000bb0   0x0000000c   Code   RO         3295    i.Control_GetRegion  control.o
    0x08000bbc   0x08000bbc   0x0000000c   Code   RO         3296    i.Control_GetThreshold  control.o
    0x08000bc8   0x08000bc8   0x00000030   Code   RO         3297    i.Control_Init      control.o
    0x08000bf8   0x08000bf8   0x0000000c   Code   RO         3298    i.Control_Key1_IRQ  control.o
    0x08000c04   0x08000c04   0x0000000c   Code   RO         3299    i.Control_Key2_IRQ  control.o
    0x08000c10   0x08000c10   0x0000000c   Code   RO         3300    i.Control_Key3_IRQ  control.o
    0x08000c1c   0x08000c1c   0x0000000c   Code   RO         3301    i.Control_Key4_IRQ  control.o
    0x08000c28   0x08000c28   0x00000170   Code   RO         3302    i.Control_Process   control.o
    0x08000d98   0x08000d98   0x0000000c   Code   RO         3303    i.Control_SetMode   control.o
    0x08000da4   0x08000da4   0x00000010   Code   RO         3304    i.Control_SetThreshold  control.o
    0x08000db4   0x08000db4   0x00000014   Code   RO         3305    i.Control_ToggleRegion  control.o
    0x08000dc8   0x08000dc8   0x00000020   Code   RO         2343    i.DHT11_Check       dht11.o
    0x08000de8   0x08000de8   0x0000002c   Code   RO         2344    i.DHT11_GPIO_MODE_SET  dht11.o
    0x08000e14   0x08000e14   0x00000048   Code   RO         2345    i.DHT11_READ_BIT    dht11.o
    0x08000e5c   0x08000e5c   0x00000020   Code   RO         2346    i.DHT11_READ_BYTE   dht11.o
    0x08000e7c   0x08000e7c   0x00000090   Code   RO         2347    i.DHT11_READ_DATA   dht11.o
    0x08000f0c   0x08000f0c   0x00000028   Code   RO         2348    i.DHT11_START       dht11.o
    0x08000f34   0x08000f34   0x0000000c   Code   RO          353    i.DMA1_Channel4_IRQHandler  stm32f1xx_it.o
    0x08000f40   0x08000f40   0x0000000c   Code   RO          354    i.DMA1_Channel5_IRQHandler  stm32f1xx_it.o
    0x08000f4c   0x08000f4c   0x0000002a   Code   RO         1189    i.DMA_SetConfig     stm32f1xx_hal_dma.o
    0x08000f76   0x08000f76   0x00000002   Code   RO          355    i.DebugMon_Handler  stm32f1xx_it.o
    0x08000f78   0x08000f78   0x00000064   Code   RO         3306    i.Device_SetState   control.o
    0x08000fdc   0x08000fdc   0x00000014   Code   RO         3307    i.Device_Toggle     control.o
    0x08000ff0   0x08000ff0   0x000000ac   Code   RO         3308    i.Display_DeviceControlPage  control.o
    0x0800109c   0x0800109c   0x00000164   Code   RO         3310    i.Display_ThresholdSettingPage  control.o
    0x08001200   0x08001200   0x0000001c   Code   RO         3023    i.ESP8266_Clear     esp8266.o
    0x0800121c   0x0800121c   0x000002a4   Code   RO         3024    i.ESP8266_ConnectCloud  esp8266.o
    0x080014c0   0x080014c0   0x000000f0   Code   RO         3025    i.ESP8266_ConnectWiFi  esp8266.o
    0x080015b0   0x080015b0   0x00000210   Code   RO         3026    i.ESP8266_Init      esp8266.o
    0x080017c0   0x080017c0   0x000000dc   Code   RO         3027    i.ESP8266_MQTT_Publish  esp8266.o
    0x0800189c   0x0800189c   0x00000194   Code   RO         3028    i.ESP8266_MQTT_Subscribe  esp8266.o
    0x08001a30   0x08001a30   0x00000444   Code   RO         3029    i.ESP8266_ProcessMessages  esp8266.o
    0x08001e74   0x08001e74   0x000000b4   Code   RO         3030    i.ESP8266_SendCmd   esp8266.o
    0x08001f28   0x08001f28   0x00000026   Code   RO          356    i.EXTI15_10_IRQHandler  stm32f1xx_it.o
    0x08001f4e   0x08001f4e   0x00000004   Code   RO           13    i.Error_Handler     main.o
    0x08001f52   0x08001f52   0x00000002   PAD
    0x08001f54   0x08001f54   0x0000000c   Code   RO         3226    i.GasSensor_GetCO2  gas_sensor.o
    0x08001f60   0x08001f60   0x0000000c   Code   RO         3230    i.GasSensor_GetValidCount  gas_sensor.o
    0x08001f6c   0x08001f6c   0x00000028   Code   RO         3231    i.GasSensor_Init    gas_sensor.o
    0x08001f94   0x08001f94   0x00000068   Code   RO         3232    i.GasSensor_UpdateFromUART  gas_sensor.o
    0x08001ffc   0x08001ffc   0x000000fc   Code   RO          539    i.HAL_ADC_ConfigChannel  stm32f1xx_hal_adc.o
    0x080020f8   0x080020f8   0x00000006   Code   RO          546    i.HAL_ADC_GetValue  stm32f1xx_hal_adc.o
    0x080020fe   0x080020fe   0x00000002   PAD
    0x08002100   0x08002100   0x0000011c   Code   RO          548    i.HAL_ADC_Init      stm32f1xx_hal_adc.o
    0x0800221c   0x0800221c   0x00000088   Code   RO          213    i.HAL_ADC_MspInit   adc.o
    0x080022a4   0x080022a4   0x0000013c   Code   RO          552    i.HAL_ADC_PollForConversion  stm32f1xx_hal_adc.o
    0x080023e0   0x080023e0   0x000000c0   Code   RO          554    i.HAL_ADC_Start     stm32f1xx_hal_adc.o
    0x080024a0   0x080024a0   0x00000034   Code   RO          557    i.HAL_ADC_Stop      stm32f1xx_hal_adc.o
    0x080024d4   0x080024d4   0x00000046   Code   RO         1190    i.HAL_DMA_Abort     stm32f1xx_hal_dma.o
    0x0800251a   0x0800251a   0x00000002   PAD
    0x0800251c   0x0800251c   0x00000098   Code   RO         1191    i.HAL_DMA_Abort_IT  stm32f1xx_hal_dma.o
    0x080025b4   0x080025b4   0x00000154   Code   RO         1195    i.HAL_DMA_IRQHandler  stm32f1xx_hal_dma.o
    0x08002708   0x08002708   0x0000005c   Code   RO         1196    i.HAL_DMA_Init      stm32f1xx_hal_dma.o
    0x08002764   0x08002764   0x00000070   Code   RO         1200    i.HAL_DMA_Start_IT  stm32f1xx_hal_dma.o
    0x080027d4   0x080027d4   0x00000024   Code   RO          816    i.HAL_Delay         stm32f1xx_hal.o
    0x080027f8   0x080027f8   0x0000002a   Code   RO          357    i.HAL_GPIO_EXTI_Callback  stm32f1xx_it.o
    0x08002822   0x08002822   0x00000002   PAD
    0x08002824   0x08002824   0x00000018   Code   RO         1125    i.HAL_GPIO_EXTI_IRQHandler  stm32f1xx_hal_gpio.o
    0x0800283c   0x0800283c   0x000001e0   Code   RO         1126    i.HAL_GPIO_Init     stm32f1xx_hal_gpio.o
    0x08002a1c   0x08002a1c   0x0000000a   Code   RO         1128    i.HAL_GPIO_ReadPin  stm32f1xx_hal_gpio.o
    0x08002a26   0x08002a26   0x0000000a   Code   RO         1130    i.HAL_GPIO_WritePin  stm32f1xx_hal_gpio.o
    0x08002a30   0x08002a30   0x0000000c   Code   RO          820    i.HAL_GetTick       stm32f1xx_hal.o
    0x08002a3c   0x08002a3c   0x00000010   Code   RO          826    i.HAL_IncTick       stm32f1xx_hal.o
    0x08002a4c   0x08002a4c   0x00000024   Code   RO          827    i.HAL_Init          stm32f1xx_hal.o
    0x08002a70   0x08002a70   0x00000040   Code   RO          828    i.HAL_InitTick      stm32f1xx_hal.o
    0x08002ab0   0x08002ab0   0x0000003c   Code   RO          473    i.HAL_MspInit       stm32f1xx_hal_msp.o
    0x08002aec   0x08002aec   0x0000001a   Code   RO         1286    i.HAL_NVIC_EnableIRQ  stm32f1xx_hal_cortex.o
    0x08002b06   0x08002b06   0x00000002   PAD
    0x08002b08   0x08002b08   0x00000040   Code   RO         1292    i.HAL_NVIC_SetPriority  stm32f1xx_hal_cortex.o
    0x08002b48   0x08002b48   0x00000024   Code   RO         1293    i.HAL_NVIC_SetPriorityGrouping  stm32f1xx_hal_cortex.o
    0x08002b6c   0x08002b6c   0x000000a4   Code   RO         1087    i.HAL_RCCEx_GetPeriphCLKFreq  stm32f1xx_hal_rcc_ex.o
    0x08002c10   0x08002c10   0x000000ec   Code   RO         1088    i.HAL_RCCEx_PeriphCLKConfig  stm32f1xx_hal_rcc_ex.o
    0x08002cfc   0x08002cfc   0x0000012c   Code   RO          984    i.HAL_RCC_ClockConfig  stm32f1xx_hal_rcc.o
    0x08002e28   0x08002e28   0x0000000c   Code   RO          989    i.HAL_RCC_GetHCLKFreq  stm32f1xx_hal_rcc.o
    0x08002e34   0x08002e34   0x00000020   Code   RO          991    i.HAL_RCC_GetPCLK1Freq  stm32f1xx_hal_rcc.o
    0x08002e54   0x08002e54   0x00000020   Code   RO          992    i.HAL_RCC_GetPCLK2Freq  stm32f1xx_hal_rcc.o
    0x08002e74   0x08002e74   0x0000004c   Code   RO          993    i.HAL_RCC_GetSysClockFreq  stm32f1xx_hal_rcc.o
    0x08002ec0   0x08002ec0   0x00000320   Code   RO          996    i.HAL_RCC_OscConfig  stm32f1xx_hal_rcc.o
    0x080031e0   0x080031e0   0x00000028   Code   RO         1297    i.HAL_SYSTICK_Config  stm32f1xx_hal_cortex.o
    0x08003208   0x08003208   0x00000002   Code   RO         1798    i.HAL_UARTEx_RxEventCallback  stm32f1xx_hal_uart.o
    0x0800320a   0x0800320a   0x00000070   Code   RO         1810    i.HAL_UART_DMAStop  stm32f1xx_hal_uart.o
    0x0800327a   0x0800327a   0x00000002   Code   RO         1812    i.HAL_UART_ErrorCallback  stm32f1xx_hal_uart.o
    0x0800327c   0x0800327c   0x0000026c   Code   RO         1815    i.HAL_UART_IRQHandler  stm32f1xx_hal_uart.o
    0x080034e8   0x080034e8   0x00000064   Code   RO         1816    i.HAL_UART_Init     stm32f1xx_hal_uart.o
    0x0800354c   0x0800354c   0x00000130   Code   RO          305    i.HAL_UART_MspInit  usart.o
    0x0800367c   0x0800367c   0x0000001c   Code   RO         1820    i.HAL_UART_Receive_DMA  stm32f1xx_hal_uart.o
    0x08003698   0x08003698   0x00000038   Code   RO          358    i.HAL_UART_RxCpltCallback  stm32f1xx_it.o
    0x080036d0   0x080036d0   0x00000002   Code   RO         1823    i.HAL_UART_RxHalfCpltCallback  stm32f1xx_hal_uart.o
    0x080036d2   0x080036d2   0x000000a0   Code   RO         1824    i.HAL_UART_Transmit  stm32f1xx_hal_uart.o
    0x08003772   0x08003772   0x00000002   Code   RO         1827    i.HAL_UART_TxCpltCallback  stm32f1xx_hal_uart.o
    0x08003774   0x08003774   0x00000002   Code   RO          359    i.HardFault_Handler  stm32f1xx_it.o
    0x08003776   0x08003776   0x00000002   PAD
    0x08003778   0x08003778   0x00000044   Code   RO         2187    i.I2C_Start         oled.o
    0x080037bc   0x080037bc   0x00000034   Code   RO         2188    i.I2C_Stop          oled.o
    0x080037f0   0x080037f0   0x00000038   Code   RO         2189    i.I2C_WaitAck       oled.o
    0x08003828   0x08003828   0x0000000a   Code   RO         2190    i.IIC_delay         oled.o
    0x08003832   0x08003832   0x00000002   PAD
    0x08003834   0x08003834   0x000000a0   Code   RO         3120    i.MQTT_Publish_Data  mqtt_publisher.o
    0x080038d4   0x080038d4   0x00000050   Code   RO          214    i.MX_ADC1_Init      adc.o
    0x08003924   0x08003924   0x00000050   Code   RO          215    i.MX_ADC2_Init      adc.o
    0x08003974   0x08003974   0x0000003c   Code   RO          280    i.MX_DMA_Init       dma.o
    0x080039b0   0x080039b0   0x00000110   Code   RO          184    i.MX_GPIO_Init      gpio.o
    0x08003ac0   0x08003ac0   0x00000040   Code   RO          306    i.MX_USART1_UART_Init  usart.o
    0x08003b00   0x08003b00   0x00000040   Code   RO          307    i.MX_USART2_UART_Init  usart.o
    0x08003b40   0x08003b40   0x00000002   Code   RO          360    i.MemManage_Handler  stm32f1xx_it.o
    0x08003b42   0x08003b42   0x00000002   Code   RO          361    i.NMI_Handler       stm32f1xx_it.o
    0x08003b44   0x08003b44   0x0000002c   Code   RO         2191    i.OLED_Clear        oled.o
    0x08003b70   0x08003b70   0x0000002c   Code   RO         2198    i.OLED_DrawPoint    oled.o
    0x08003b9c   0x08003b9c   0x000000da   Code   RO         2199    i.OLED_Init         oled.o
    0x08003c76   0x08003c76   0x00000010   Code   RO         2200    i.OLED_Pow          oled.o
    0x08003c86   0x08003c86   0x00000002   PAD
    0x08003c88   0x08003c88   0x00000068   Code   RO         2201    i.OLED_Refresh      oled.o
    0x08003cf0   0x08003cf0   0x000000e4   Code   RO         2202    i.OLED_ShowChar     oled.o
    0x08003dd4   0x08003dd4   0x0000006e   Code   RO         2203    i.OLED_ShowNum      oled.o
    0x08003e42   0x08003e42   0x0000003c   Code   RO         2205    i.OLED_ShowString   oled.o
    0x08003e7e   0x08003e7e   0x00000036   Code   RO         2206    i.OLED_WR_Byte      oled.o
    0x08003eb4   0x08003eb4   0x00000002   Code   RO          362    i.PendSV_Handler    stm32f1xx_it.o
    0x08003eb6   0x08003eb6   0x00000002   Code   RO          363    i.SVC_Handler       stm32f1xx_it.o
    0x08003eb8   0x08003eb8   0x00000054   Code   RO         2207    i.Send_Byte         oled.o
    0x08003f0c   0x08003f0c   0x00000004   Code   RO          364    i.SysTick_Handler   stm32f1xx_it.o
    0x08003f10   0x08003f10   0x00000078   Code   RO           14    i.SystemClock_Config  main.o
    0x08003f88   0x08003f88   0x00000002   Code   RO         2150    i.SystemInit        system_stm32f1xx.o
    0x08003f8a   0x08003f8a   0x00000010   Code   RO         1829    i.UART_DMAAbortOnError  stm32f1xx_hal_uart.o
    0x08003f9a   0x08003f9a   0x0000004a   Code   RO         1830    i.UART_DMAError     stm32f1xx_hal_uart.o
    0x08003fe4   0x08003fe4   0x00000086   Code   RO         1831    i.UART_DMAReceiveCplt  stm32f1xx_hal_uart.o
    0x0800406a   0x0800406a   0x0000001e   Code   RO         1833    i.UART_DMARxHalfCplt  stm32f1xx_hal_uart.o
    0x08004088   0x08004088   0x0000004e   Code   RO         1839    i.UART_EndRxTransfer  stm32f1xx_hal_uart.o
    0x080040d6   0x080040d6   0x0000001c   Code   RO         1840    i.UART_EndTxTransfer  stm32f1xx_hal_uart.o
    0x080040f2   0x080040f2   0x000000c2   Code   RO         1841    i.UART_Receive_IT   stm32f1xx_hal_uart.o
    0x080041b4   0x080041b4   0x000000b8   Code   RO         1842    i.UART_SetConfig    stm32f1xx_hal_uart.o
    0x0800426c   0x0800426c   0x00000090   Code   RO         1843    i.UART_Start_Receive_DMA  stm32f1xx_hal_uart.o
    0x080042fc   0x080042fc   0x00000072   Code   RO         1845    i.UART_WaitOnFlagUntilTimeout  stm32f1xx_hal_uart.o
    0x0800436e   0x0800436e   0x00000002   PAD
    0x08004370   0x08004370   0x00000058   Code   RO          365    i.USART1_IRQHandler  stm32f1xx_it.o
    0x080043c8   0x080043c8   0x00000034   Code   RO          366    i.USART2_IRQHandler  stm32f1xx_it.o
    0x080043fc   0x080043fc   0x00000002   Code   RO          367    i.UsageFault_Handler  stm32f1xx_it.o
    0x080043fe   0x080043fe   0x00000020   Code   RO         1299    i.__NVIC_SetPriority  stm32f1xx_hal_cortex.o
    0x0800441e   0x0800441e   0x0000000e   Code   RO         3539    i._is_digit         c_w.l(__printf_wp.o)
    0x0800442c   0x0800442c   0x000005f4   Code   RO           15    i.main              main.o
    0x08004a20   0x08004a20   0x0000002c   Code   RO         3805    locale$$code        c_w.l(lc_ctype_c.o)
    0x08004a4c   0x08004a4c   0x00000012   Data   RO          997    .constdata          stm32f1xx_hal_rcc.o
    0x08004a5e   0x08004a5e   0x00000012   Data   RO         1089    .constdata          stm32f1xx_hal_rcc_ex.o
    0x08004a70   0x08004a70   0x00000010   Data   RO         2151    .constdata          system_stm32f1xx.o
    0x08004a80   0x08004a80   0x00000008   Data   RO         2152    .constdata          system_stm32f1xx.o
    0x08004a88   0x08004a88   0x000019e8   Data   RO         2209    .constdata          oled.o
    0x08006470   0x08006470   0x00000011   Data   RO         3547    .constdata          c_w.l(__printf_flags_ss_wp.o)
    0x08006481   0x08006481   0x00000003   PAD
    0x08006484   0x08006484   0x00000079   Data   RO         3033    .conststring        esp8266.o
    0x080064fd   0x080064fd   0x00000003   PAD
    0x08006500   0x08006500   0x00000046   Data   RO         3311    .conststring        control.o
    0x08006546   0x08006546   0x00000002   PAD
    0x08006548   0x08006548   0x00000020   Data   RO         3979    Region$$Table       anon$$obj.o
    0x08006568   0x08006568   0x00000110   Data   RO         3804    locale$$data        c_w.l(lc_ctype_c.o)


    Execution Region RW_IRAM1 (Exec base: 0x20000000, Load base: 0x08006678, Size: 0x00000ee8, Max: 0x00005000, ABSOLUTE)

    Exec Addr    Load Addr    Size         Type   Attr      Idx    E Section Name        Object

    0x20000000   0x08006678   0x00000011   Data   RW           16    .data               main.o
    0x20000011   0x08006689   0x00000003   PAD
    0x20000014   0x0800668c   0x00000008   Data   RW          368    .data               stm32f1xx_it.o
    0x2000001c   0x08006694   0x0000000c   Data   RW          834    .data               stm32f1xx_hal.o
    0x20000028   0x080066a0   0x00000004   Data   RW         2153    .data               system_stm32f1xx.o
    0x2000002c   0x080066a4   0x00000004   Data   RW         3034    .data               esp8266.o
    0x20000030   0x080066a8   0x00000004   Data   RW         3133    .data               mqtt_publisher.o
    0x20000034   0x080066ac   0x00000010   Data   RW         3234    .data               gas_sensor.o
    0x20000044   0x080066bc   0x0000003c   Data   RW         3312    .data               control.o
    0x20000080        -       0x00000060   Zero   RW          216    .bss                adc.o
    0x200000e0        -       0x00000118   Zero   RW          308    .bss                usart.o
    0x200001f8        -       0x00000480   Zero   RW         2208    .bss                oled.o
    0x20000678        -       0x00000200   Zero   RW         3032    .bss                esp8266.o
    0x20000878        -       0x00000009   Zero   RW         3233    .bss                gas_sensor.o
    0x20000881   0x080066f8   0x00000003   PAD
    0x20000884        -       0x00000060   Zero   RW         3737    .bss                c_w.l(libspace.o)
    0x200008e4   0x080066f8   0x00000004   PAD
    0x200008e8        -       0x00000200   Zero   RW            2    HEAP                startup_stm32f103xb.o
    0x20000ae8        -       0x00000400   Zero   RW            1    STACK               startup_stm32f103xb.o


==============================================================================

Image component sizes


      Code (inc. data)   RO Data    RW Data    ZI Data      Debug   Object Name

       460         50          0          0         96       4458   adc.o
      1208        160         70         60          0       9447   control.o
       392         40          0          0          0       4801   dht11.o
        60          4          0          0          0        754   dma.o
      3368       1276        121          4        512       9493   esp8266.o
       168         30          0         16          9       2867   gas_sensor.o
       272         22          0          0          0        991   gpio.o
      1648        342          0         17          0     412894   main.o
       160        104          0          4          0        849   mqtt_publisher.o
      1148         48       6632          0       1152       9375   oled.o
        64         26        236          0       1536        804   startup_stm32f103xb.o
       164         28          0         12          0       5857   stm32f1xx_hal.o
      1312         54          0          0          0       7175   stm32f1xx_hal_adc.o
       198         14          0          0          0      28899   stm32f1xx_hal_cortex.o
       808         36          0          0          0       4946   stm32f1xx_hal_dma.o
       524         40          0          0          0       4074   stm32f1xx_hal_gpio.o
        60          8          0          0          0        862   stm32f1xx_hal_msp.o
      1252         90         18          0          0       5520   stm32f1xx_hal_rcc.o
       400         28         18          0          0       2453   stm32f1xx_hal_rcc_ex.o
      2024         24          0          0          0      14707   stm32f1xx_hal_uart.o
       320         44          0          8          0       8211   stm32f1xx_it.o
         2          0         24          4          0       1095   system_stm32f1xx.o
       432         44          0          0        280       2473   usart.o

    ----------------------------------------------------------------------
     16470       2512       7156        128       3588     543005   Object Totals
         0          0         32          0          0          0   (incl. Generated)
        26          0          5          3          3          0   (incl. Padding)

    ----------------------------------------------------------------------

      Code (inc. data)   RO Data    RW Data    ZI Data      Debug   Library Member Name

        56          6          0          0          0         88   __2snprintf.o
         8          0          0          0          0         68   __main.o
       392          4         17          0          0         92   __printf_flags_ss_wp.o
        14          0          0          0          0         68   __printf_wp.o
         0          0          0          0          0          0   __rtentry.o
        12          0          0          0          0          0   __rtentry2.o
         6          0          0          0          0          0   __rtentry4.o
        52          8          0          0          0          0   __scatter.o
        26          0          0          0          0          0   __scatter_copy.o
        28          0          0          0          0          0   __scatter_zi.o
        28          0          0          0          0         68   _chval.o
        44          0          0          0          0        108   _printf_char.o
        48          6          0          0          0         96   _printf_char_common.o
         6          0          0          0          0          0   _printf_d.o
       120         16          0          0          0         92   _printf_dec.o
       178          0          0          0          0         88   _printf_intcommon.o
         0          0          0          0          0          0   _printf_percent.o
         4          0          0          0          0          0   _printf_percent_end.o
         6          0          0          0          0          0   _printf_s.o
        82          0          0          0          0         80   _printf_str.o
         6          0          0          0          0          0   _printf_u.o
        16          0          0          0          0         68   _snputc.o
        10          0          0          0          0         68   _sputc.o
       158          0          0          0          0         92   _strtoul.o
        26          0          0          0          0         80   atoi.o
        18          0          0          0          0         80   exit.o
         6          0          0          0          0        152   heapauxi.o
         0          0          0          0          0          0   indicate_semi.o
        44         10        272          0          0         76   lc_ctype_c.o
         2          0          0          0          0          0   libinit.o
        20          0          0          0          0          0   libinit2.o
         2          0          0          0          0          0   libshutdown.o
         2          0          0          0          0          0   libshutdown2.o
         8          4          0          0         96         68   libspace.o
        16          4          0          0          0         76   rt_ctype_table.o
         8          4          0          0          0         68   rt_errno_addr_intlibspace.o
         8          4          0          0          0         68   rt_locale_intlibspace.o
        68          0          0          0          0         68   rt_memclr.o
        78          0          0          0          0         80   rt_memclr_w.o
       138          0          0          0          0         68   rt_memcpy_v6.o
       100          0          0          0          0         80   rt_memcpy_w.o
         2          0          0          0          0          0   rtexit.o
        10          0          0          0          0          0   rtexit2.o
        20          0          0          0          0         68   strchr.o
       128          0          0          0          0         68   strcmpv7m.o
        62          0          0          0          0         76   strlen.o
        36          0          0          0          0         80   strstr.o
       112          0          0          0          0         88   strtol.o
        12          4          0          0          0         68   sys_exit.o
        74          0          0          0          0         80   sys_stackheap_outer.o
         2          0          0          0          0         68   use_no_semi.o

    ----------------------------------------------------------------------
      2314         70        292          0        100       2636   Library Totals
        12          0          3          0          4          0   (incl. Padding)

    ----------------------------------------------------------------------

      Code (inc. data)   RO Data    RW Data    ZI Data      Debug   Library Name

      2302         70        289          0         96       2636   c_w.l

    ----------------------------------------------------------------------
      2314         70        292          0        100       2636   Library Totals

    ----------------------------------------------------------------------

==============================================================================


      Code (inc. data)   RO Data    RW Data    ZI Data      Debug   

     18784       2582       7448        128       3688     537213   Grand Totals
     18784       2582       7448        128       3688     537213   ELF Image Totals
     18784       2582       7448        128          0          0   ROM Totals

==============================================================================

    Total RO  Size (Code + RO Data)                26232 (  25.62kB)
    Total RW  Size (RW Data + ZI Data)              3816 (   3.73kB)
    Total ROM Size (Code + RO Data + RW Data)      26360 (  25.74kB)

==============================================================================

